Component: ARM Compiler 5.05 update 1 (build 106) Tool: armlink [4d0efa]

==============================================================================

Section Cross References

    startup_stm32g474xx.o(STACK) refers (Special) to heapauxi.o(.text) for __use_two_region_memory
    startup_stm32g474xx.o(HEAP) refers (Special) to heapauxi.o(.text) for __use_two_region_memory
    startup_stm32g474xx.o(RESET) refers (Special) to heapauxi.o(.text) for __use_two_region_memory
    startup_stm32g474xx.o(RESET) refers to startup_stm32g474xx.o(STACK) for __initial_sp
    startup_stm32g474xx.o(RESET) refers to startup_stm32g474xx.o(.text) for Reset_Handler
    startup_stm32g474xx.o(RESET) refers to stm32g4xx_it.o(i.NMI_Handler) for NMI_Handler
    startup_stm32g474xx.o(RESET) refers to stm32g4xx_it.o(i.HardFault_Handler) for HardFault_Handler
    startup_stm32g474xx.o(RESET) refers to stm32g4xx_it.o(i.MemManage_Handler) for MemManage_Handler
    startup_stm32g474xx.o(RESET) refers to stm32g4xx_it.o(i.BusFault_Handler) for BusFault_Handler
    startup_stm32g474xx.o(RESET) refers to stm32g4xx_it.o(i.UsageFault_Handler) for UsageFault_Handler
    startup_stm32g474xx.o(RESET) refers to stm32g4xx_it.o(i.SVC_Handler) for SVC_Handler
    startup_stm32g474xx.o(RESET) refers to stm32g4xx_it.o(i.DebugMon_Handler) for DebugMon_Handler
    startup_stm32g474xx.o(RESET) refers to stm32g4xx_it.o(i.PendSV_Handler) for PendSV_Handler
    startup_stm32g474xx.o(RESET) refers to stm32g4xx_it.o(i.SysTick_Handler) for SysTick_Handler
    startup_stm32g474xx.o(RESET) refers to stm32g4xx_it.o(i.DMA1_Channel1_IRQHandler) for DMA1_Channel1_IRQHandler
    startup_stm32g474xx.o(RESET) refers to stm32g4xx_it.o(i.USART1_IRQHandler) for USART1_IRQHandler
    startup_stm32g474xx.o(RESET) refers to stm32g4xx_it.o(i.EXTI15_10_IRQHandler) for EXTI15_10_IRQHandler
    startup_stm32g474xx.o(.text) refers (Special) to heapauxi.o(.text) for __use_two_region_memory
    startup_stm32g474xx.o(.text) refers to system_stm32g4xx.o(i.SystemInit) for SystemInit
    startup_stm32g474xx.o(.text) refers to __main.o(!!!main) for __main
    startup_stm32g474xx.o(.text) refers to startup_stm32g474xx.o(HEAP) for Heap_Mem
    startup_stm32g474xx.o(.text) refers to startup_stm32g474xx.o(STACK) for Stack_Mem
    main.o(i.SystemClock_Config) refers to rt_memclr_w.o(.text) for __aeabi_memclr4
    main.o(i.SystemClock_Config) refers to stm32g4xx_hal_pwr_ex.o(i.HAL_PWREx_ControlVoltageScaling) for HAL_PWREx_ControlVoltageScaling
    main.o(i.SystemClock_Config) refers to stm32g4xx_hal_rcc.o(i.HAL_RCC_OscConfig) for HAL_RCC_OscConfig
    main.o(i.SystemClock_Config) refers to stm32g4xx_hal_rcc.o(i.HAL_RCC_ClockConfig) for HAL_RCC_ClockConfig
    main.o(i.main) refers to stm32g4xx_hal.o(i.HAL_Init) for HAL_Init
    main.o(i.main) refers to main.o(i.SystemClock_Config) for SystemClock_Config
    main.o(i.main) refers to gpio.o(i.MX_GPIO_Init) for MX_GPIO_Init
    main.o(i.main) refers to dma.o(i.MX_DMA_Init) for MX_DMA_Init
    main.o(i.main) refers to usart.o(i.MX_USART1_UART_Init) for MX_USART1_UART_Init
    main.o(i.main) refers to dac.o(i.MX_DAC1_Init) for MX_DAC1_Init
    main.o(i.main) refers to tim.o(i.MX_TIM6_Init) for MX_TIM6_Init
    main.o(i.main) refers to tim.o(i.MX_TIM1_Init) for MX_TIM1_Init
    main.o(i.main) refers to delay.o(i.delay_init) for delay_init
    main.o(i.main) refers to myusart1.o(i.MyUSART1_Init) for MyUSART1_Init
    main.o(i.main) refers to oled_i2c.o(i.OLED_Init) for OLED_Init
    main.o(i.main) refers to oled_i2c.o(i.OLED_ON) for OLED_ON
    main.o(i.main) refers to oled_i2c.o(i.OLED_CLS) for OLED_CLS
    main.o(i.main) refers to background.o(i.BackGround_Init) for BackGround_Init
    main.o(i.main) refers to background.o(i.fre_ampShow) for fre_ampShow
    main.o(i.main) refers to background.o(i.select) for select
    main.o(i.main) refers to wave.o(i.sin_Generation) for sin_Generation
    main.o(i.main) refers to wave.o(i.squ_Generation) for squ_Generation
    main.o(i.main) refers to wave.o(i.tri_Generation) for tri_Generation
    main.o(i.main) refers to time.o(i.TIM6_Init) for TIM6_Init
    main.o(i.main) refers to wave.o(i.WaveStart) for WaveStart
    main.o(i.main) refers to stm32g4xx_hal_tim.o(i.HAL_TIM_PWM_Start) for HAL_TIM_PWM_Start
    main.o(i.main) refers to usart.o(.bss) for huart1
    main.o(i.main) refers to tim.o(.bss) for htim1
    gpio.o(i.MX_GPIO_Init) refers to rt_memclr_w.o(.text) for __aeabi_memclr4
    gpio.o(i.MX_GPIO_Init) refers to stm32g4xx_hal_gpio.o(i.HAL_GPIO_WritePin) for HAL_GPIO_WritePin
    gpio.o(i.MX_GPIO_Init) refers to stm32g4xx_hal_gpio.o(i.HAL_GPIO_Init) for HAL_GPIO_Init
    gpio.o(i.MX_GPIO_Init) refers to stm32g4xx_hal_cortex.o(i.HAL_NVIC_SetPriority) for HAL_NVIC_SetPriority
    gpio.o(i.MX_GPIO_Init) refers to stm32g4xx_hal_cortex.o(i.HAL_NVIC_EnableIRQ) for HAL_NVIC_EnableIRQ
    dac.o(i.HAL_DAC_MspDeInit) refers to stm32g4xx_hal_gpio.o(i.HAL_GPIO_DeInit) for HAL_GPIO_DeInit
[...]
    __rt_lib_init_signal_1                   0x080002b9   Thumb Code     0  libinit2.o(.ARM.Collect$$libinit$$0000001D)
    __rt_lib_init_stdio_1                    0x080002b9   Thumb Code     0  libinit2.o(.ARM.Collect$$libinit$$00000025)
    __rt_lib_shutdown                        0x080002bb   Thumb Code     0  libshutdown.o(.ARM.Collect$$libshutdown$$00000000)
    __rt_lib_shutdown_fp_trap_1              0x080002bd   Thumb Code     0  libshutdown2.o(.ARM.Collect$$libshutdown$$00000006)
    __rt_lib_shutdown_heap_1                 0x080002bd   Thumb Code     0  libshutdown2.o(.ARM.Collect$$libshutdown$$0000000E)
    __rt_lib_shutdown_return                 0x080002bd   Thumb Code     0  libshutdown2.o(.ARM.Collect$$libshutdown$$0000000F)
    __rt_lib_shutdown_signal_1               0x080002bd   Thumb Code     0  libshutdown2.o(.ARM.Collect$$libshutdown$$00000009)
    __rt_lib_shutdown_stdio_1                0x080002bd   Thumb Code     0  libshutdown2.o(.ARM.Collect$$libshutdown$$00000003)
    __rt_lib_shutdown_user_alloc_1           0x080002bd   Thumb Code     0  libshutdown2.o(.ARM.Collect$$libshutdown$$0000000B)
    __rt_entry                               0x080002bf   Thumb Code     0  __rtentry.o(.ARM.Collect$$rtentry$$00000000)
    __rt_entry_presh_1                       0x080002bf   Thumb Code     0  __rtentry2.o(.ARM.Collect$$rtentry$$00000002)
    __rt_entry_sh                            0x080002bf   Thumb Code     0  __rtentry4.o(.ARM.Collect$$rtentry$$00000004)
    __rt_entry_li                            0x080002c5   Thumb Code     0  __rtentry2.o(.ARM.Collect$$rtentry$$0000000A)
    __rt_entry_postsh_1                      0x080002c5   Thumb Code     0  __rtentry2.o(.ARM.Collect$$rtentry$$00000009)
    __rt_entry_main                          0x080002c9   Thumb Code     0  __rtentry2.o(.ARM.Collect$$rtentry$$0000000D)
    __rt_entry_postli_1                      0x080002c9   Thumb Code     0  __rtentry2.o(.ARM.Collect$$rtentry$$0000000C)
    __rt_exit                                0x080002d1   Thumb Code     0  rtexit.o(.ARM.Collect$$rtexit$$00000000)
    __rt_exit_ls                             0x080002d3   Thumb Code     0  rtexit2.o(.ARM.Collect$$rtexit$$00000003)
    __rt_exit_prels_1                        0x080002d3   Thumb Code     0  rtexit2.o(.ARM.Collect$$rtexit$$00000002)
    __rt_exit_exit                           0x080002d7   Thumb Code     0  rtexit2.o(.ARM.Collect$$rtexit$$00000004)
    Reset_Handler                            0x080002dd   Thumb Code     8  startup_stm32g474xx.o(.text)
    ADC1_2_IRQHandler                        0x080002f7   Thumb Code     0  startup_stm32g474xx.o(.text)
    ADC3_IRQHandler                          0x080002f7   Thumb Code     0  startup_stm32g474xx.o(.text)
    ADC4_IRQHandler                          0x080002f7   Thumb Code     0  startup_stm32g474xx.o(.text)
    ADC5_IRQHandler                          0x080002f7   Thumb Code     0  startup_stm32g474xx.o(.text)
    COMP1_2_3_IRQHandler                     0x080002f7   Thumb Code     0  startup_stm32g474xx.o(.text)
    COMP4_5_6_IRQHandler                     0x080002f7   Thumb Code     0  startup_stm32g474xx.o(.text)
    COMP7_IRQHandler                         0x080002f7   Thumb Code     0  startup_stm32g474xx.o(.text)
    CORDIC_IRQHandler                        0x080002f7   Thumb Code     0  startup_stm32g474xx.o(.text)
    CRS_IRQHandler                           0x080002f7   Thumb Code     0  startup_stm32g474xx.o(.text)
    DMA1_Channel2_IRQHandler                 0x080002f7   Thumb Code     0  startup_stm32g474xx.o(.text)
    DMA1_Channel3_IRQHandler                 0x080002f7   Thumb Code     0  startup_stm32g474xx.o(.text)
    DMA1_Channel4_IRQHandler                 0x080002f7   Thumb Code     0  startup_stm32g474xx.o(.text)
    DMA1_Channel5_IRQHandler                 0x080002f7   Thumb Code     0  startup_stm32g474xx.o(.text)
    DMA1_Channel6_IRQHandler                 0x080002f7   Thumb Code     0  startup_stm32g474xx.o(.text)
    DMA1_Channel7_IRQHandler                 0x080002f7   Thumb Code     0  startup_stm32g474xx.o(.text)
    DMA1_Channel8_IRQHandler                 0x080002f7   Thumb Code     0  startup_stm32g474xx.o(.text)
    DMA2_Channel1_IRQHandler                 0x080002f7   Thumb Code     0  startup_stm32g474xx.o(.text)
    DMA2_Channel2_IRQHandler                 0x080002f7   Thumb Code     0  startup_stm32g474xx.o(.text)
    DMA2_Channel3_IRQHandler                 0x080002f7   Thumb Code     0  startup_stm32g474xx.o(.text)
    DMA2_Channel4_IRQHandler                 0x080002f7   Thumb Code     0  startup_stm32g474xx.o(.text)
    DMA2_Channel5_IRQHandler                 0x080002f7   Thumb Code     0  startup_stm32g474xx.o(.text)
    DMA2_Channel6_IRQHandler                 0x080002f7   Thumb Code     0  startup_stm32g474xx.o(.text)
    DMA2_Channel7_IRQHandler                 0x080002f7   Thumb Code     0  startup_stm32g474xx.o(.text)
    DMA2_Channel8_IRQHandler                 0x080002f7   Thumb Code     0  startup_stm32g474xx.o(.text)
    DMAMUX_OVR_IRQHandler                    0x080002f7   Thumb Code     0  startup_stm32g474xx.o(.text)
    EXTI0_IRQHandler                         0x080002f7   Thumb Code     0  startup_stm32g474xx.o(.text)
    EXTI1_IRQHandler                         0x080002f7   Thumb Code     0  startup_stm32g474xx.o(.text)
    EXTI2_IRQHandler                         0x080002f7   Thumb Code     0  startup_stm32g474xx.o(.text)
    EXTI3_IRQHandler                         0x080002f7   Thumb Code     0  startup_stm32g474xx.o(.text)
    EXTI4_IRQHandler                         0x080002f7   Thumb Code     0  startup_stm32g474xx.o(.text)
    EXTI9_5_IRQHandler                       0x080002f7   Thumb Code     0  startup_stm32g474xx.o(.text)
    FDCAN1_IT0_IRQHandler                    0x080002f7   Thumb Code     0  startup_stm32g474xx.o(.text)
    FDCAN1_IT1_IRQHandler                    0x080002f7   Thumb Code     0  startup_stm32g474xx.o(.text)
    FDCAN2_IT0_IRQHandler                    0x080002f7   Thumb Code     0  startup_stm32g474xx.o(.text)
    FDCAN2_IT1_IRQHandler                    0x080002f7   Thumb Code     0  startup_stm32g474xx.o(.text)
    FDCAN3_IT0_IRQHandler                    0x080002f7   Thumb Code     0  startup_stm32g474xx.o(.text)
    FDCAN3_IT1_IRQHandler                    0x080002f7   Thumb Code     0  startup_stm32g474xx.o(.text)
    FLASH_IRQHandler                         0x080002f7   Thumb Code     0  startup_stm32g474xx.o(.text)
    FMAC_IRQHandler                          0x080002f7   Thumb Code     0  startup_stm32g474xx.o(.text)
    FMC_IRQHandler                           0x080002f7   Thumb Code     0  startup_stm32g474xx.o(.text)
    FPU_IRQHandler                           0x080002f7   Thumb Code     0  startup_stm32g474xx.o(.text)
    HRTIM1_FLT_IRQHandler                    0x080002f7   Thumb Code     0  startup_stm32g474xx.o(.text)
    HRTIM1_Master_IRQHandler                 0x080002f7   Thumb Code     0  startup_stm32g474xx.o(.text)
    HRTIM1_TIMA_IRQHandler                   0x080002f7   Thumb Code     0  startup_stm32g474xx.o(.text)
    HRTIM1_TIMB_IRQHandler                   0x080002f7   Thumb Code     0  startup_stm32g474xx.o(.text)
    HRTIM1_TIMC_IRQHandler                   0x080002f7   Thumb Code     0  startup_stm32g474xx.o(.text)
    HRTIM1_TIMD_IRQHandler                   0x080002f7   Thumb Code     0  startup_stm32g474xx.o(.text)
    HRTIM1_TIME_IRQHandler                   0x080002f7   Thumb Code     0  startup_stm32g474xx.o(.text)
    HRTIM1_TIMF_IRQHandler                   0x080002f7   Thumb Code     0  startup_stm32g474xx.o(.text)
    I2C1_ER_IRQHandler                       0x080002f7   Thumb Code     0  startup_stm32g474xx.o(.text)
    I2C1_EV_IRQHandler                       0x080002f7   Thumb Code     0  startup_stm32g474xx.o(.text)
    I2C2_ER_IRQHandler                       0x080002f7   Thumb Code     0  startup_stm32g474xx.o(.text)
    I2C2_EV_IRQHandler                       0x080002f7   Thumb Code     0  startup_stm32g474xx.o(.text)
    I2C3_ER_IRQHandler                       0x080002f7   Thumb Code     0  startup_stm32g474xx.o(.text)
    I2C3_EV_IRQHandler                       0x080002f7   Thumb Code     0  startup_stm32g474xx.o(.text)
    I2C4_ER_IRQHandler                       0x080002f7   Thumb Code     0  startup_stm32g474xx.o(.text)
    I2C4_EV_IRQHandler                       0x080002f7   Thumb Code     0  startup_stm32g474xx.o(.text)
    LPTIM1_IRQHandler                        0x080002f7   Thumb Code     0  startup_stm32g474xx.o(.text)
    LPUART1_IRQHandler                       0x080002f7   Thumb Code     0  startup_stm32g474xx.o(.text)
    PVD_PVM_IRQHandler                       0x080002f7   Thumb Code     0  startup_stm32g474xx.o(.text)
    QUADSPI_IRQHandler                       0x080002f7   Thumb Code     0  startup_stm32g474xx.o(.text)
    RCC_IRQHandler                           0x080002f7   Thumb Code     0  startup_stm32g474xx.o(.text)
    RNG_IRQHandler                           0x080002f7   Thumb Code     0  startup_stm32g474xx.o(.text)
    RTC_Alarm_IRQHandler                     0x080002f7   Thumb Code     0  startup_stm32g474xx.o(.text)
    RTC_TAMP_LSECSS_IRQHandler               0x080002f7   Thumb Code     0  startup_stm32g474xx.o(.text)
    RTC_WKUP_IRQHandler                      0x080002f7   Thumb Code     0  startup_stm32g474xx.o(.text)
    SAI1_IRQHandler                          0x080002f7   Thumb Code     0  startup_stm32g474xx.o(.text)
    SPI1_IRQHandler                          0x080002f7   Thumb Code     0  startup_stm32g474xx.o(.text)
    SPI2_IRQHandler                          0x080002f7   Thumb Code     0  startup_stm32g474xx.o(.text)
    SPI3_IRQHandler                          0x080002f7   Thumb Code     0  startup_stm32g474xx.o(.text)
    SPI4_IRQHandler                          0x080002f7   Thumb Code     0  startup_stm32g474xx.o(.text)
    TIM1_BRK_TIM15_IRQHandler                0x080002f7   Thumb Code     0  startup_stm32g474xx.o(.text)
    TIM1_CC_IRQHandler                       0x080002f7   Thumb Code     0  startup_stm32g474xx.o(.text)
    TIM1_TRG_COM_TIM17_IRQHandler            0x080002f7   Thumb Code     0  startup_stm32g474xx.o(.text)
    TIM1_UP_TIM16_IRQHandler                 0x080002f7   Thumb Code     0  startup_stm32g474xx.o(.text)
    TIM20_BRK_IRQHandler                     0x080002f7   Thumb Code     0  startup_stm32g474xx.o(.text)
    TIM20_CC_IRQHandler                      0x080002f7   Thumb Code     0  startup_stm32g474xx.o(.text)
    TIM20_TRG_COM_IRQHandler                 0x080002f7   Thumb Code     0  startup_stm32g474xx.o(.text)
    TIM20_UP_IRQHandler                      0x080002f7   Thumb Code     0  startup_stm32g474xx.o(.text)
    TIM2_IRQHandler                          0x080002f7   Thumb Code     0  startup_stm32g474xx.o(.text)
    TIM3_IRQHandler                          0x080002f7   Thumb Code     0  startup_stm32g474xx.o(.text)
    TIM4_IRQHandler                          0x080002f7   Thumb Code     0  startup_stm32g474xx.o(.text)
    TIM5_IRQHandler                          0x080002f7   Thumb Code     0  startup_stm32g474xx.o(.text)
    TIM6_DAC_IRQHandler                      0x080002f7   Thumb Code     0  startup_stm32g474xx.o(.text)
    TIM7_DAC_IRQHandler                      0x080002f7   Thumb Code     0  startup_stm32g474xx.o(.text)
    TIM8_BRK_IRQHandler                      0x080002f7   Thumb Code     0  startup_stm32g474xx.o(.text)
    TIM8_CC_IRQHandler                       0x080002f7   Thumb Code     0  startup_stm32g474xx.o(.text)
    TIM8_TRG_COM_IRQHandler                  0x080002f7   Thumb Code     0  startup_stm32g474xx.o(.text)
    TIM8_UP_IRQHandler                       0x080002f7   Thumb Code     0  startup_stm32g474xx.o(.text)
    UART4_IRQHandler                         0x080002f7   Thumb Code     0  startup_stm32g474xx.o(.text)
    UART5_IRQHandler                         0x080002f7   Thumb Code     0  startup_stm32g474xx.o(.text)
    UCPD1_IRQHandler                         0x080002f7   Thumb Code     0  startup_stm32g474xx.o(.text)
    USART2_IRQHandler                        0x080002f7   Thumb Code     0  startup_stm32g474xx.o(.text)
    USART3_IRQHandler                        0x080002f7   Thumb Code     0  startup_stm32g474xx.o(.text)
    USBWakeUp_IRQHandler                     0x080002f7   Thumb Code     0  startup_stm32g474xx.o(.text)
    USB_HP_IRQHandler                        0x080002f7   Thumb Code     0  startup_stm32g474xx.o(.text)
    USB_LP_IRQHandler                        0x080002f7   Thumb Code     0  startup_stm32g474xx.o(.text)
    WWDG_IRQHandler                          0x080002f7   Thumb Code     0  startup_stm32g474xx.o(.text)
    __user_initial_stackheap                 0x080002f9   Thumb Code     0  startup_stm32g474xx.o(.text)
    __aeabi_uldivmod                         0x0800031d   Thumb Code     0  lludivv7m.o(.text)
    _ll_udiv                                 0x0800031d   Thumb Code   238  lludivv7m.o(.text)
    __2sprintf                               0x0800040d   Thumb Code    34  noretval__2sprintf.o(.text)
    __printf                                 0x08000435   Thumb Code   352  __printf_ss_wp.o(.text)
    __0sscanf                                0x08000595   Thumb Code    52  __0sscanf.o(.text)
    strlen                                   0x080005d1   Thumb Code    62  strlen.o(.text)
    __aeabi_memclr4                          0x0800060f   Thumb Code     0  rt_memclr_w.o(.text)
    __aeabi_memclr8                          0x0800060f   Thumb Code     0  rt_memclr_w.o(.text)
    __rt_memclr_w                            0x0800060f   Thumb Code    78  rt_memclr_w.o(.text)
    _memset_w                                0x08000613   Thumb Code     0  rt_memclr_w.o(.text)
    __use_two_region_memory                  0x0800065d   Thumb Code     2  heapauxi.o(.text)
    __rt_heap_escrow$2region                 0x0800065f   Thumb Code     2  heapauxi.o(.text)
    __rt_heap_expand$2region                 0x08000661   Thumb Code     2  heapauxi.o(.text)
    __read_errno                             0x08000663   Thumb Code    10  _rserrno.o(.text)
    __set_errno                              0x0800066d   Thumb Code    12  _rserrno.o(.text)
    __lib_sel_fp_printf                      0x08000679   Thumb Code     2  _printf_fp_dec.o(.text)
    _printf_fp_dec_real                      0x08000827   Thumb Code   620  _printf_fp_dec.o(.text)
    _printf_char_common                      0x08000a9f   Thumb Code    32  _printf_char_common.o(.text)
    _sputc                                   0x08000ac5   Thumb Code    10  _sputc.o(.text)
    _scanf_really_real                       0x08000ccd   Thumb Code   668  scanf_fp.o(.text)
    __vfscanf_char                           0x08000f81   Thumb Code    24  scanf_char.o(.text)
    _sgetc                                   0x08000fa1   Thumb Code    30  _sgetc.o(.text)
    _sbackspace                              0x08000fbf   Thumb Code    34  _sgetc.o(.text)
    __rt_locale                              0x08000fe1   Thumb Code     8  rt_locale_intlibspace.o(.text)
    __aeabi_errno_addr                       0x08000fe9   Thumb Code     8  rt_errno_addr_intlibspace.o(.text)
    __errno$intlibspace                      0x08000fe9   Thumb Code     0  rt_errno_addr_intlibspace.o(.text)
    __rt_errno_addr$intlibspace              0x08000fe9   Thumb Code     0  rt_errno_addr_intlibspace.o(.text)
    _ll_udiv10                               0x08000ff1   Thumb Code   138  lludiv10.o(.text)
    isspace                                  0x0800107b   Thumb Code    18  isspace.o(.text)
    _printf_fp_infnan                        0x0800108d   Thumb Code   112  _printf_fp_infnan.o(.text)
    __vfscanf                                0x0800110d   Thumb Code   878  _scanf.o(.text)
    _btod_etento                             0x08001481   Thumb Code   216  bigflt0.o(.text)
    __user_libspace                          0x0800155d   Thumb Code     8  libspace.o(.text)
    __user_perproc_libspace                  0x0800155d   Thumb Code     0  libspace.o(.text)
    __user_perthread_libspace                0x0800155d   Thumb Code     0  libspace.o(.text)
    __user_setup_stackheap                   0x08001565   Thumb Code    74  sys_stackheap_outer.o(.text)
    __rt_ctype_table                         0x080015b1   Thumb Code    16  rt_ctype_table.o(.text)
    _scanf_really_hex_real                   0x080015c1   Thumb Code   778  scanf_hexfp.o(.text)
    _scanf_really_infnan                     0x080018d9   Thumb Code   292  scanf_infnan.o(.text)
    exit                                     0x08001a0d   Thumb Code    12  exit.o(.text)
    strcmp                                   0x08001a19   Thumb Code   128  strcmpv7m.o(.text)
    __aeabi_llsl                             0x08001a99   Thumb Code     0  llshl.o(.text)
    _ll_shift_l                              0x08001a99   Thumb Code    38  llshl.o(.text)
    _chval                                   0x08001abf   Thumb Code    28  _chval.o(.text)
    _sys_exit                                0x08001add   Thumb Code     8  sys_exit.o(.text)
    __I$use$semihosting                      0x08001ae9   Thumb Code     0  use_no_semi.o(.text)
    __use_no_semihosting_swi                 0x08001ae9   Thumb Code     2  use_no_semi.o(.text)
    __semihosting_library_function           0x08001aeb   Thumb Code     0  indicate_semi.o(.text)
    _btod_d2e                                0x08001aeb   Thumb Code    62  btod.o(CL$$btod_d2e)
    _d2e_denorm_low                          0x08001b29   Thumb Code    70  btod.o(CL$$btod_d2e_denorm_low)
    _d2e_norm_op1                            0x08001b6f   Thumb Code    96  btod.o(CL$$btod_d2e_norm_op1)
    __btod_div_common                        0x08001bcf   Thumb Code   696  btod.o(CL$$btod_div_common)
    _e2d                                     0x08001f09   Thumb Code    80  btod.o(CL$$btod_e2d)
    _e2e                                     0x08001f5d   Thumb Code   198  btod.o(CL$$btod_e2e)
    _btod_ediv                               0x08002023   Thumb Code    40  btod.o(CL$$btod_ediv)
    _btod_edivd                              0x0800204b   Thumb Code    40  btod.o(CL$$btod_edivd)
    _btod_emul                               0x08002073   Thumb Code    40  btod.o(CL$$btod_emul)
    _btod_emuld                              0x0800209b   Thumb Code    40  btod.o(CL$$btod_emuld)
    __btod_mult_common                       0x080020c3   Thumb Code   580  btod.o(CL$$btod_mult_common)
    BackGround_Init                          0x08002307   Thumb Code   194  background.o(i.BackGround_Init)
    BusFault_Handler                         0x080023c9   Thumb Code     2  stm32g4xx_it.o(i.BusFault_Handler)
    DAC_DMAConvCpltCh1                       0x080023cb   Thumb Code    16  stm32g4xx_hal_dac.o(i.DAC_DMAConvCpltCh1)
    DAC_DMAConvCpltCh2                       0x080023db   Thumb Code    16  stm32g4xx_hal_dac_ex.o(i.DAC_DMAConvCpltCh2)
    DAC_DMAErrorCh1                          0x080023eb   Thumb Code    24  stm32g4xx_hal_dac.o(i.DAC_DMAErrorCh1)
    DAC_DMAErrorCh2                          0x08002403   Thumb Code    24  stm32g4xx_hal_dac_ex.o(i.DAC_DMAErrorCh2)
    DAC_DMAHalfConvCpltCh1                   0x0800241b   Thumb Code    10  stm32g4xx_hal_dac.o(i.DAC_DMAHalfConvCpltCh1)
    DAC_DMAHalfConvCpltCh2                   0x08002425   Thumb Code    10  stm32g4xx_hal_dac_ex.o(i.DAC_DMAHalfConvCpltCh2)
    DMA1_Channel1_IRQHandler                 0x08002431   Thumb Code     6  stm32g4xx_it.o(i.DMA1_Channel1_IRQHandler)
    DebugMon_Handler                         0x080024df   Thumb Code     2  stm32g4xx_it.o(i.DebugMon_Handler)
    EXTI15_10_IRQHandler                     0x080024e1   Thumb Code     8  stm32g4xx_it.o(i.EXTI15_10_IRQHandler)
    Error_Handler                            0x080024e9   Thumb Code     4  main.o(i.Error_Handler)
    HAL_DACEx_ConvCpltCallbackCh2            0x080024ed   Thumb Code     2  stm32g4xx_hal_dac_ex.o(i.HAL_DACEx_ConvCpltCallbackCh2)
    HAL_DACEx_ConvHalfCpltCallbackCh2        0x080024ef   Thumb Code     2  stm32g4xx_hal_dac_ex.o(i.HAL_DACEx_ConvHalfCpltCallbackCh2)
    HAL_DACEx_ErrorCallbackCh2               0x080024f1   Thumb Code     2  stm32g4xx_hal_dac_ex.o(i.HAL_DACEx_ErrorCallbackCh2)
    HAL_DAC_ConfigChannel                    0x080024f5   Thumb Code   428  stm32g4xx_hal_dac.o(i.HAL_DAC_ConfigChannel)
    HAL_DAC_ConvCpltCallbackCh1              0x080026a9   Thumb Code     2  stm32g4xx_hal_dac.o(i.HAL_DAC_ConvCpltCallbackCh1)
    HAL_DAC_ConvHalfCpltCallbackCh1          0x080026ab   Thumb Code     2  stm32g4xx_hal_dac.o(i.HAL_DAC_ConvHalfCpltCallbackCh1)
    HAL_DAC_ErrorCallbackCh1                 0x080026ad   Thumb Code     2  stm32g4xx_hal_dac.o(i.HAL_DAC_ErrorCallbackCh1)
    HAL_DAC_Init                             0x080026af   Thumb Code    40  stm32g4xx_hal_dac.o(i.HAL_DAC_Init)
    HAL_DAC_MspInit                          0x080026d9   Thumb Code   130  dac.o(i.HAL_DAC_MspInit)
    HAL_DAC_Start_DMA                        0x0800276d   Thumb Code   258  stm32g4xx_hal_dac.o(i.HAL_DAC_Start_DMA)
    HAL_DAC_Stop_DMA                         0x08002889   Thumb Code    84  stm32g4xx_hal_dac.o(i.HAL_DAC_Stop_DMA)
    HAL_DMA_Abort                            0x080028dd   Thumb Code   106  stm32g4xx_hal_dma.o(i.HAL_DMA_Abort)
    HAL_DMA_Abort_IT                         0x08002947   Thumb Code   120  stm32g4xx_hal_dma.o(i.HAL_DMA_Abort_IT)
    HAL_DMA_IRQHandler                       0x080029bf   Thumb Code   186  stm32g4xx_hal_dma.o(i.HAL_DMA_IRQHandler)
    HAL_DMA_Init                             0x08002a79   Thumb Code   178  stm32g4xx_hal_dma.o(i.HAL_DMA_Init)
    HAL_DMA_Start_IT                         0x08002b39   Thumb Code   140  stm32g4xx_hal_dma.o(i.HAL_DMA_Start_IT)
    HAL_Delay                                0x08002bc5   Thumb Code    32  stm32g4xx_hal.o(i.HAL_Delay)
    HAL_GPIO_EXTI_Callback                   0x08002be9   Thumb Code     2  main.o(i.HAL_GPIO_EXTI_Callback)
    HAL_GPIO_EXTI_IRQHandler                 0x08002bed   Thumb Code    18  stm32g4xx_hal_gpio.o(i.HAL_GPIO_EXTI_IRQHandler)
    HAL_GPIO_Init                            0x08002c05   Thumb Code   550  stm32g4xx_hal_gpio.o(i.HAL_GPIO_Init)
    HAL_GPIO_ReadPin                         0x08002e4d   Thumb Code    10  stm32g4xx_hal_gpio.o(i.HAL_GPIO_ReadPin)
    HAL_GPIO_WritePin                        0x08002e57   Thumb Code    10  stm32g4xx_hal_gpio.o(i.HAL_GPIO_WritePin)
    HAL_GetTick                              0x08002e61   Thumb Code     6  stm32g4xx_hal.o(i.HAL_GetTick)
    HAL_IncTick                              0x08002e6d   Thumb Code    12  stm32g4xx_hal.o(i.HAL_IncTick)
    HAL_Init                                 0x08002e7d   Thumb Code    30  stm32g4xx_hal.o(i.HAL_Init)
    HAL_InitTick                             0x08002e9d   Thumb Code    58  stm32g4xx_hal.o(i.HAL_InitTick)
    HAL_MspInit                              0x08002ee1   Thumb Code    42  stm32g4xx_hal_msp.o(i.HAL_MspInit)
    HAL_NVIC_EnableIRQ                       0x08002f11   Thumb Code    26  stm32g4xx_hal_cortex.o(i.HAL_NVIC_EnableIRQ)
    HAL_NVIC_SetPriority                     0x08002f2d   Thumb Code    60  stm32g4xx_hal_cortex.o(i.HAL_NVIC_SetPriority)
    HAL_NVIC_SetPriorityGrouping             0x08002f6d   Thumb Code    26  stm32g4xx_hal_cortex.o(i.HAL_NVIC_SetPriorityGrouping)
    HAL_PWREx_ControlVoltageScaling          0x08002f91   Thumb Code   174  stm32g4xx_hal_pwr_ex.o(i.HAL_PWREx_ControlVoltageScaling)
    HAL_PWREx_DisableUCPDDeadBattery         0x0800304d   Thumb Code    12  stm32g4xx_hal_pwr_ex.o(i.HAL_PWREx_DisableUCPDDeadBattery)
    HAL_RCCEx_PeriphCLKConfig                0x0800305d   Thumb Code   758  stm32g4xx_hal_rcc_ex.o(i.HAL_RCCEx_PeriphCLKConfig)
    HAL_RCC_ClockConfig                      0x0800335d   Thumb Code   444  stm32g4xx_hal_rcc.o(i.HAL_RCC_ClockConfig)
    HAL_RCC_GetHCLKFreq                      0x08003539   Thumb Code     6  stm32g4xx_hal_rcc.o(i.HAL_RCC_GetHCLKFreq)
    HAL_RCC_GetPCLK1Freq                     0x08003545   Thumb Code    24  stm32g4xx_hal_rcc.o(i.HAL_RCC_GetPCLK1Freq)
    HAL_RCC_GetPCLK2Freq                     0x08003569   Thumb Code    24  stm32g4xx_hal_rcc.o(i.HAL_RCC_GetPCLK2Freq)
    HAL_RCC_GetSysClockFreq                  0x0800358d   Thumb Code    98  stm32g4xx_hal_rcc.o(i.HAL_RCC_GetSysClockFreq)
    HAL_RCC_OscConfig                        0x080035fd   Thumb Code  1036  stm32g4xx_hal_rcc.o(i.HAL_RCC_OscConfig)
    HAL_SYSTICK_CLKSourceConfig              0x08003a09   Thumb Code    24  stm32g4xx_hal_cortex.o(i.HAL_SYSTICK_CLKSourceConfig)
    HAL_SYSTICK_Config                       0x08003a21   Thumb Code    40  stm32g4xx_hal_cortex.o(i.HAL_SYSTICK_Config)
    HAL_TIMEx_ConfigBreakDeadTime            0x08003a49   Thumb Code   192  stm32g4xx_hal_tim_ex.o(i.HAL_TIMEx_ConfigBreakDeadTime)
    HAL_TIMEx_MasterConfigSynchronization    0x08003b15   Thumb Code   150  stm32g4xx_hal_tim_ex.o(i.HAL_TIMEx_MasterConfigSynchronization)
    HAL_TIM_Base_Init                        0x08003bcd   Thumb Code    98  stm32g4xx_hal_tim.o(i.HAL_TIM_Base_Init)
    HAL_TIM_Base_MspInit                     0x08003c31   Thumb Code    52  tim.o(i.HAL_TIM_Base_MspInit)
    HAL_TIM_Base_Start                       0x08003c71   Thumb Code    96  stm32g4xx_hal_tim.o(i.HAL_TIM_Base_Start)
    HAL_TIM_Base_Stop                        0x08003cf1   Thumb Code    38  stm32g4xx_hal_tim.o(i.HAL_TIM_Base_Stop)
    HAL_TIM_ConfigClockSource                0x08003d19   Thumb Code   234  stm32g4xx_hal_tim.o(i.HAL_TIM_ConfigClockSource)
    HAL_TIM_MspPostInit                      0x08003e09   Thumb Code    68  tim.o(i.HAL_TIM_MspPostInit)
    HAL_TIM_PWM_ConfigChannel                0x08003e59   Thumb Code   292  stm32g4xx_hal_tim.o(i.HAL_TIM_PWM_ConfigChannel)
    HAL_TIM_PWM_Init                         0x08003f7d   Thumb Code    98  stm32g4xx_hal_tim.o(i.HAL_TIM_PWM_Init)
    HAL_TIM_PWM_MspInit                      0x08003fdf   Thumb Code     2  stm32g4xx_hal_tim.o(i.HAL_TIM_PWM_MspInit)
    HAL_TIM_PWM_Start                        0x08003fe1   Thumb Code   234  stm32g4xx_hal_tim.o(i.HAL_TIM_PWM_Start)
    HAL_UARTEx_DisableFifoMode               0x080040f5   Thumb Code    62  stm32g4xx_hal_uart_ex.o(i.HAL_UARTEx_DisableFifoMode)
    HAL_UARTEx_RxEventCallback               0x08004133   Thumb Code     2  stm32g4xx_hal_uart.o(i.HAL_UARTEx_RxEventCallback)
    HAL_UARTEx_RxFifoFullCallback            0x08004135   Thumb Code     2  stm32g4xx_hal_uart_ex.o(i.HAL_UARTEx_RxFifoFullCallback)
    HAL_UARTEx_SetRxFifoThreshold            0x08004137   Thumb Code    76  stm32g4xx_hal_uart_ex.o(i.HAL_UARTEx_SetRxFifoThreshold)
    HAL_UARTEx_SetTxFifoThreshold            0x08004183   Thumb Code    76  stm32g4xx_hal_uart_ex.o(i.HAL_UARTEx_SetTxFifoThreshold)
    HAL_UARTEx_TxFifoEmptyCallback           0x080041cf   Thumb Code     2  stm32g4xx_hal_uart_ex.o(i.HAL_UARTEx_TxFifoEmptyCallback)
    HAL_UARTEx_WakeupCallback                0x080041d1   Thumb Code     2  stm32g4xx_hal_uart_ex.o(i.HAL_UARTEx_WakeupCallback)
    HAL_UART_ErrorCallback                   0x080041d3   Thumb Code     2  stm32g4xx_hal_uart.o(i.HAL_UART_ErrorCallback)
    HAL_UART_IRQHandler                      0x080041d5   Thumb Code   722  stm32g4xx_hal_uart.o(i.HAL_UART_IRQHandler)
    HAL_UART_Init                            0x080044b5   Thumb Code   106  stm32g4xx_hal_uart.o(i.HAL_UART_Init)
    HAL_UART_MspInit                         0x08004521   Thumb Code   128  usart.o(i.HAL_UART_MspInit)
    HAL_UART_TxCpltCallback                  0x080045ad   Thumb Code     2  stm32g4xx_hal_uart.o(i.HAL_UART_TxCpltCallback)
    HardFault_Handler                        0x080045af   Thumb Code     2  stm32g4xx_it.o(i.HardFault_Handler)
    I2C_WriteByte                            0x080045b1   Thumb Code    48  oled_i2c.o(i.I2C_WriteByte)
    IIC_Init                                 0x080045e1   Thumb Code    28  myiic.o(i.IIC_Init)
    IIC_Send_Byte                            0x08004601   Thumb Code   116  myiic.o(i.IIC_Send_Byte)
    IIC_Start                                0x08004679   Thumb Code    80  myiic.o(i.IIC_Start)
    IIC_Stop                                 0x080046cd   Thumb Code    82  myiic.o(i.IIC_Stop)
    IIC_Wait_Ack                             0x08004725   Thumb Code   102  myiic.o(i.IIC_Wait_Ack)
    MX_DAC1_Init                             0x08004791   Thumb Code    82  dac.o(i.MX_DAC1_Init)
    MX_DMA_Init                              0x080047ed   Thumb Code    56  dma.o(i.MX_DMA_Init)
    MX_GPIO_Init                             0x08004829   Thumb Code   160  gpio.o(i.MX_GPIO_Init)
    MX_TIM1_Init                             0x080048d5   Thumb Code   214  tim.o(i.MX_TIM1_Init)
    MX_TIM6_Init                             0x080049b5   Thumb Code    60  tim.o(i.MX_TIM6_Init)
    MX_USART1_UART_Init                      0x080049f9   Thumb Code    94  usart.o(i.MX_USART1_UART_Init)
    MemManage_Handler                        0x08004a61   Thumb Code     2  stm32g4xx_it.o(i.MemManage_Handler)
    MyUSART1_CanReadLine                     0x08004a65   Thumb Code    40  myusart1.o(i.MyUSART1_CanReadLine)
    MyUSART1_IRQHandler                      0x08004a95   Thumb Code    40  myusart1.o(i.MyUSART1_IRQHandler)
    MyUSART1_Init                            0x08004ac9   Thumb Code    16  myusart1.o(i.MyUSART1_Init)
    MyUSART1_ReadLine                        0x08004add   Thumb Code    62  myusart1.o(i.MyUSART1_ReadLine)
    NMI_Handler                              0x08004b25   Thumb Code     2  stm32g4xx_it.o(i.NMI_Handler)
    OLED_CLS                                 0x08004b27   Thumb Code     6  oled_i2c.o(i.OLED_CLS)
    OLED_Fill                                0x08004b2d   Thumb Code    56  oled_i2c.o(i.OLED_Fill)
    OLED_Init                                0x08004b65   Thumb Code   194  oled_i2c.o(i.OLED_Init)
    OLED_ON                                  0x08004c2d   Thumb Code    24  oled_i2c.o(i.OLED_ON)
    OLED_SetPos                              0x08004c45   Thumb Code    38  oled_i2c.o(i.OLED_SetPos)
    OLED_ShowCN                              0x08004c6d   Thumb Code    66  oled_i2c.o(i.OLED_ShowCN)
    OLED_ShowChar                            0x08004cb5   Thumb Code   116  oled_i2c.o(i.OLED_ShowChar)
    OLED_ShowFloat                           0x08004d31   Thumb Code    48  oled_i2c.o(i.OLED_ShowFloat)
    OLED_ShowFloat_2f                        0x08004d69   Thumb Code    48  oled_i2c.o(i.OLED_ShowFloat_2f)
    OLED_ShowInt                             0x08004da1   Thumb Code   134  oled_i2c.o(i.OLED_ShowInt)
    OLED_ShowStr                             0x08004e29   Thumb Code   208  oled_i2c.o(i.OLED_ShowStr)
    PendSV_Handler                           0x08004f01   Thumb Code     2  stm32g4xx_it.o(i.PendSV_Handler)
    SVC_Handler                              0x08004f03   Thumb Code     2  stm32g4xx_it.o(i.SVC_Handler)
    SysTick_Handler                          0x08004f05   Thumb Code     4  stm32g4xx_it.o(i.SysTick_Handler)
    SystemClock_Config                       0x08004f09   Thumb Code   102  main.o(i.SystemClock_Config)
    SystemInit                               0x08004f71   Thumb Code    12  system_stm32g4xx.o(i.SystemInit)
    TIM6_Init                                0x08004f81   Thumb Code    96  time.o(i.TIM6_Init)
    TIM_Base_SetConfig                       0x08004fed   Thumb Code   176  stm32g4xx_hal_tim.o(i.TIM_Base_SetConfig)
    TIM_CCxChannelCmd                        0x080050c1   Thumb Code    26  stm32g4xx_hal_tim.o(i.TIM_CCxChannelCmd)
    TIM_ETR_SetConfig                        0x080050db   Thumb Code    20  stm32g4xx_hal_tim.o(i.TIM_ETR_SetConfig)
    TIM_OC2_SetConfig                        0x080051b1   Thumb Code   132  stm32g4xx_hal_tim.o(i.TIM_OC2_SetConfig)
    UART_AdvFeatureConfig                    0x08005511   Thumb Code   200  stm32g4xx_hal_uart.o(i.UART_AdvFeatureConfig)
    UART_CheckIdleState                      0x080055d9   Thumb Code    96  stm32g4xx_hal_uart.o(i.UART_CheckIdleState)
    UART_SetConfig                           0x080056a1   Thumb Code   614  stm32g4xx_hal_uart.o(i.UART_SetConfig)
    UART_WaitOnFlagUntilTimeout              0x08005939   Thumb Code   198  stm32g4xx_hal_uart.o(i.UART_WaitOnFlagUntilTimeout)
    USART1_IRQHandler                        0x08005a01   Thumb Code    22  stm32g4xx_it.o(i.USART1_IRQHandler)
    USTART_Control                           0x08005a21   Thumb Code   788  usart_control.o(i.USTART_Control)
    UsageFault_Handler                       0x08005d85   Thumb Code     2  stm32g4xx_it.o(i.UsageFault_Handler)
    WaveStart                                0x08005d89   Thumb Code    84  wave.o(i.WaveStart)
    WriteCmd                                 0x08005ded   Thumb Code     8  oled_i2c.o(i.WriteCmd)
    WriteDat                                 0x08005df5   Thumb Code     8  oled_i2c.o(i.WriteDat)
    __ARM_fpclassify                         0x08005dfd   Thumb Code    48  fpclassify.o(i.__ARM_fpclassify)
    __MyUSART1_Shift                         0x08005e2d   Thumb Code    34  myusart1.o(i.__MyUSART1_Shift)
    __hardfp_ldexp                           0x08005e79   Thumb Code   200  ldexp.o(i.__hardfp_ldexp)
    __hardfp_sin                             0x08005f49   Thumb Code   180  sin.o(i.__hardfp_sin)
    __ieee754_rem_pio2                       0x08006011   Thumb Code   938  rred.o(i.__ieee754_rem_pio2)
    __kernel_cos                             0x08006449   Thumb Code   322  cos_i.o(i.__kernel_cos)
    __kernel_poly                            0x080065b9   Thumb Code   248  poly.o(i.__kernel_poly)
    __kernel_sin                             0x080066b1   Thumb Code   280  sin_i.o(i.__kernel_sin)
    __mathlib_dbl_infnan                     0x080067e1   Thumb Code    20  dunder.o(i.__mathlib_dbl_infnan)
    __mathlib_dbl_invalid                    0x080067f9   Thumb Code    24  dunder.o(i.__mathlib_dbl_invalid)
    __mathlib_dbl_overflow                   0x08006819   Thumb Code    24  dunder.o(i.__mathlib_dbl_overflow)
    __mathlib_dbl_underflow                  0x08006839   Thumb Code    24  dunder.o(i.__mathlib_dbl_underflow)
    __mathlib_narrow                         0x08006859   Thumb Code   166  narrow.o(i.__mathlib_narrow)
    __support_ldexp                          0x08006911   Thumb Code    20  ldexp.o(i.__support_ldexp)
    _is_digit                                0x08006925   Thumb Code    14  __printf_wp.o(i._is_digit)
    ampShow                                  0x08006933   Thumb Code    70  background.o(i.ampShow)
    delay_init                               0x08006979   Thumb Code    16  delay.o(i.delay_init)
    delay_ms                                 0x0800698d   Thumb Code    10  delay.o(i.delay_ms)
    delay_us                                 0x08006999   Thumb Code    48  delay.o(i.delay_us)
    fabs                                     0x080069cd   Thumb Code    24  fabs.o(i.fabs)
    freShow                                  0x080069e5   Thumb Code   100  background.o(i.freShow)
    fre_ampShow                              0x08006a49   Thumb Code   130  background.o(i.fre_ampShow)
    frexp                                    0x08006ae9   Thumb Code   118  frexp.o(i.frexp)
    main                                     0x08006b75   Thumb Code   136  main.o(i.main)
    select                                   0x08006c11   Thumb Code   108  background.o(i.select)
    sin_Generation                           0x08006c7d   Thumb Code   112  wave.o(i.sin_Generation)
    squ_Generation                           0x08006d11   Thumb Code    70  wave.o(i.squ_Generation)
    tri_Generation                           0x08006d65   Thumb Code   106  wave.o(i.tri_Generation)
    _get_lc_numeric                          0x08006dd5   Thumb Code    44  lc_numeric_c.o(locale$$code)
    _get_lc_ctype                            0x08006e01   Thumb Code    44  lc_ctype_c.o(locale$$code)
    __aeabi_dneg                             0x08006e2d   Thumb Code     0  basic.o(x$fpl$basic)
    _dneg                                    0x08006e2d   Thumb Code     6  basic.o(x$fpl$basic)
    __aeabi_fneg                             0x08006e33   Thumb Code     0  basic.o(x$fpl$basic)
    _fneg                                    0x08006e33   Thumb Code     6  basic.o(x$fpl$basic)
    _dabs                                    0x08006e39   Thumb Code     6  basic.o(x$fpl$basic)
    _fabs                                    0x08006e3f   Thumb Code     6  basic.o(x$fpl$basic)
    __aeabi_d2f                              0x08006e45   Thumb Code     0  d2f.o(x$fpl$d2f)
    _d2f                                     0x08006e45   Thumb Code    98  d2f.o(x$fpl$d2f)
    __aeabi_dadd                             0x08006ea9   Thumb Code     0  daddsub_clz.o(x$fpl$dadd)
    _dadd                                    0x08006ea9   Thumb Code   332  daddsub_clz.o(x$fpl$dadd)
    __fpl_dcheck_NaN1                        0x08006ff9   Thumb Code    10  dcheck1.o(x$fpl$dcheck1)
    __fpl_dcmp_Inf                           0x08007009   Thumb Code    24  dcmpi.o(x$fpl$dcmpinf)
    __aeabi_ddiv                             0x08007021   Thumb Code     0  ddiv.o(x$fpl$ddiv)
    _ddiv                                    0x08007021   Thumb Code   552  ddiv.o(x$fpl$ddiv)
    __aeabi_cdcmpeq                          0x080072d1   Thumb Code     0  deqf.o(x$fpl$deqf)
    _dcmpeq                                  0x080072d1   Thumb Code   120  deqf.o(x$fpl$deqf)
    __aeabi_d2iz                             0x08007349   Thumb Code     0  dfix.o(x$fpl$dfix)
    _dfix                                    0x08007349   Thumb Code    94  dfix.o(x$fpl$dfix)
    __aeabi_d2uiz                            0x080073a9   Thumb Code     0  dfixu.o(x$fpl$dfixu)
    _dfixu                                   0x080073a9   Thumb Code    90  dfixu.o(x$fpl$dfixu)
    __aeabi_i2d                              0x08007403   Thumb Code     0  dflt_clz.o(x$fpl$dflt)
    _dflt                                    0x08007403   Thumb Code    46  dflt_clz.o(x$fpl$dflt)
    __aeabi_ui2d                             0x08007431   Thumb Code     0  dflt_clz.o(x$fpl$dfltu)
    _dfltu                                   0x08007431   Thumb Code    38  dflt_clz.o(x$fpl$dfltu)
    __aeabi_cdcmple                          0x08007459   Thumb Code     0  dleqf.o(x$fpl$dleqf)
    _dcmple                                  0x08007459   Thumb Code   120  dleqf.o(x$fpl$dleqf)
    __fpl_dcmple_InfNaN                      0x080074bb   Thumb Code     0  dleqf.o(x$fpl$dleqf)
    __aeabi_dmul                             0x080074d1   Thumb Code     0  dmul.o(x$fpl$dmul)
    _dmul                                    0x080074d1   Thumb Code   332  dmul.o(x$fpl$dmul)
    __fpl_dnaninf                            0x08007625   Thumb Code   156  dnaninf.o(x$fpl$dnaninf)
    __fpl_dretinf                            0x080076c1   Thumb Code    12  dretinf.o(x$fpl$dretinf)
    __aeabi_cdrcmple                         0x080076cd   Thumb Code     0  drleqf.o(x$fpl$drleqf)
    _drcmple                                 0x080076cd   Thumb Code   108  drleqf.o(x$fpl$drleqf)
    __aeabi_drsub                            0x08007739   Thumb Code     0  daddsub_clz.o(x$fpl$drsb)
    _drsb                                    0x08007739   Thumb Code    22  daddsub_clz.o(x$fpl$drsb)
    __aeabi_dsub                             0x08007751   Thumb Code     0  daddsub_clz.o(x$fpl$dsub)
    _dsub                                    0x08007751   Thumb Code   464  daddsub_clz.o(x$fpl$dsub)
    _fp_init                                 0x08007925   Thumb Code    10  fpinit.o(x$fpl$fpinit)
    __fplib_config_fpu_vfp                   0x0800792d   Thumb Code     0  fpinit.o(x$fpl$fpinit)
    __fplib_config_pureend_doubles           0x0800792d   Thumb Code     0  fpinit.o(x$fpl$fpinit)
    __fpl_fretinf                            0x0800792f   Thumb Code    10  fretinf.o(x$fpl$fretinf)
    _printf_fp_dec                           0x08007939   Thumb Code     4  printf1.o(x$fpl$printf1)
    __fpl_return_NaN                         0x0800793d   Thumb Code   100  retnan.o(x$fpl$retnan)
    __ARM_scalbn                             0x080079a1   Thumb Code    92  scalbn.o(x$fpl$scalbn)
    _scanf_real                              0x080079fd   Thumb Code     4  scanf1.o(x$fpl$scanf1)
    _scanf_hex_real                          0x08007a01   Thumb Code     4  scanf2.o(x$fpl$scanf2)
    _scanf_infnan                            0x08007a05   Thumb Code     4  scanf2.o(x$fpl$scanf2)
    __fpl_cmpreturn                          0x08007a09   Thumb Code    48  trapv.o(x$fpl$trapveneer)
    UARTPrescTable                           0x08007a38   Data          24  stm32g4xx_hal_uart.o(.constdata)
    __I$use$fp                               0x08007a38   Number         0  usenofp.o(x$fpl$usenofp)
    AHBPrescTable                            0x08007a60   Data          16  system_stm32g4xx.o(.constdata)
    APBPrescTable                            0x08007a70   Data           8  system_stm32g4xx.o(.constdata)
    F6x8                                     0x08007a80   Data         558  oled_i2c.o(.constdata)
    F8X16                                    0x08007cae   Data        1520  oled_i2c.o(.constdata)
    Region$$Table$$Base                      0x08008454   Number         0  anon$$obj.o(Region$$Table)
    Region$$Table$$Limit                     0x08008474   Number         0  anon$$obj.o(Region$$Table)
    __aeabi_HUGE_VAL                         0x08008474   Data           0  fpconst.o(c$$dinf)
    __aeabi_HUGE_VALL                        0x08008474   Data           0  fpconst.o(c$$dinf)
    __aeabi_INFINITY                         0x08008474   Data           0  fpconst.o(c$$dinf)
    __dInf                                   0x08008474   Data           0  fpconst.o(c$$dinf)
    __huge_val                               0x08008474   Data           0  fpconst.o(c$$dinf)
    __ctype                                  0x080084a5   Data           0  lc_ctype_c.o(locale$$data)
    uwTickPrio                               0x20000000   Data           4  stm32g4xx_hal.o(.data)
    uwTickFreq                               0x20000004   Data           4  stm32g4xx_hal.o(.data)
    uwTick                                   0x20000008   Data           4  stm32g4xx_hal.o(.data)
    SystemCoreClock                          0x2000000c   Data           4  system_stm32g4xx.o(.data)
    RevState                                 0x20000012   Data           1  oled_i2c.o(.data)
    brightness                               0x20000013   Data           1  oled_i2c.o(.data)
    isScrolling                              0x20000014   Data           1  oled_i2c.o(.data)
    F16x16                                   0x20000015   Data         544  oled_i2c.o(.data)
    MyUSART1_bufferOverflowFlag              0x20000238   Data           1  myusart1.o(.data)
    MyUSART1_bufferPos                       0x2000023c   Data           4  myusart1.o(.data)
    MyUSART1_dummyHandle                     0x20000240   Data           4  myusart1.o(.data)
    sinef                                    0x20000248   Data           8  usart_control.o(.data)
    sinev                                    0x20000250   Data           8  usart_control.o(.data)
    squf1                                    0x20000258   Data           8  usart_control.o(.data)
    squv1                                    0x20000260   Data           8  usart_control.o(.data)
    trif                                     0x20000268   Data           8  usart_control.o(.data)
    triv                                     0x20000270   Data           8  usart_control.o(.data)
    squf2                                    0x20000278   Data           8  usart_control.o(.data)
    squr                                     0x20000280   Data           8  usart_control.o(.data)
    hdac1                                    0x20000288   Data          20  dac.o(.bss)
    hdma_dac1_ch1                            0x2000029c   Data          96  dac.o(.bss)
    htim1                                    0x200002fc   Data          76  tim.o(.bss)
    htim6                                    0x20000348   Data          76  tim.o(.bss)
    huart1                                   0x20000394   Data         144  usart.o(.bss)
    MyUSART1_buffer                          0x20000424   Data         100  myusart1.o(.bss)
    squTable                                 0x20000488   Data         200  wave.o(.bss)
    triTable                                 0x20000550   Data         200  wave.o(.bss)
    sinTable                                 0x20000618   Data         200  wave.o(.bss)
    __libspace_start                         0x200006e0   Data          96  libspace.o(.bss)
    __temporary_stack_top$libspace           0x20000740   Data           0  libspace.o(.bss)



==============================================================================

Memory Map of the image

  Image Entry point : 0x080001d9

  Load Region LR_IROM1 (Base: 0x08000000, Size: 0x00008830, Max: 0x00080000, ABSOLUTE, COMPRESSED[0x00008774])

    Execution Region ER_IROM1 (Exec base: 0x08000000, Load base: 0x08000000, Size: 0x000085a8, Max: 0x00080000, ABSOLUTE)

    Exec Addr    Load Addr    Size         Type   Attr      Idx    E Section Name        Object

    0x08000000   0x08000000   0x000001d8   Data   RO            3    RESET               startup_stm32g474xx.o
    0x080001d8   0x080001d8   0x00000008   Code   RO         4655  * !!!main             c_w.l(__main.o)
    0x080001e0   0x080001e0   0x00000034   Code   RO         5050    !!!scatter          c_w.l(__scatter.o)
    0x08000214   0x08000214   0x0000005a   Code   RO         5048    !!dczerorl2         c_w.l(__dczerorl2.o)
    0x0800026e   0x0800026e   0x00000002   PAD
    0x08000270   0x08000270   0x0000001c   Code   RO         5052    !!handler_zi        c_w.l(__scatter_zi.o)
    0x0800028c   0x0800028c   0x00000000   Code   RO         4646    .ARM.Collect$$_printf_percent$$00000000  c_w.l(_printf_percent.o)
    0x0800028c   0x0800028c   0x00000006   Code   RO         4645    .ARM.Collect$$_printf_percent$$00000003  c_w.l(_printf_f.o)
    0x08000292   0x08000292   0x00000004   Code   RO         4716    .ARM.Collect$$_printf_percent$$00000017  c_w.l(_printf_percent_end.o)
    0x08000296   0x08000296   0x00000002   Code   RO         4878    .ARM.Collect$$libinit$$00000000  c_w.l(libinit.o)
    0x08000298   0x08000298   0x00000004   Code   RO         4879    .ARM.Collect$$libinit$$00000001  c_w.l(libinit2.o)
    0x0800029c   0x0800029c   0x00000000   Code   RO         4882    .ARM.Collect$$libinit$$00000004  c_w.l(libinit2.o)
    0x0800029c   0x0800029c   0x00000000   Code   RO         4885    .ARM.Collect$$libinit$$0000000A  c_w.l(libinit2.o)
    0x0800029c   0x0800029c   0x00000000   Code   RO         4887    .ARM.Collect$$libinit$$0000000C  c_w.l(libinit2.o)
    0x0800029c   0x0800029c   0x00000000   Code   RO         4889    .ARM.Collect$$libinit$$0000000E  c_w.l(libinit2.o)
    0x0800029c   0x0800029c   0x00000006   Code   RO         4890    .ARM.Collect$$libinit$$0000000F  c_w.l(libinit2.o)
    0x080002a2   0x080002a2   0x00000000   Code   RO         4892    .ARM.Collect$$libinit$$00000011  c_w.l(libinit2.o)
    0x080002a2   0x080002a2   0x0000000c   Code   RO         4893    .ARM.Collect$$libinit$$00000012  c_w.l(libinit2.o)
    0x080002ae   0x080002ae   0x00000000   Code   RO         4894    .ARM.Collect$$libinit$$00000013  c_w.l(libinit2.o)
    0x080002ae   0x080002ae   0x00000000   Code   RO         4896    .ARM.Collect$$libinit$$00000015  c_w.l(libinit2.o)
    0x080002ae   0x080002ae   0x0000000a   Code   RO         4897    .ARM.Collect$$libinit$$00000016  c_w.l(libinit2.o)
    0x080002b8   0x080002b8   0x00000000   Code   RO         4898    .ARM.Collect$$libinit$$00000017  c_w.l(libinit2.o)
    0x080002b8   0x080002b8   0x00000000   Code   RO         4900    .ARM.Collect$$libinit$$00000019  c_w.l(libinit2.o)
    0x080002b8   0x080002b8   0x00000000   Code   RO         4902    .ARM.Collect$$libinit$$0000001B  c_w.l(libinit2.o)
    0x080002b8   0x080002b8   0x00000000   Code   RO         4904    .ARM.Collect$$libinit$$0000001D  c_w.l(libinit2.o)
    0x080002b8   0x080002b8   0x00000000   Code   RO         4906    .ARM.Collect$$libinit$$0000001F  c_w.l(libinit2.o)
    0x080002b8   0x080002b8   0x00000000   Code   RO         4908    .ARM.Collect$$libinit$$00000021  c_w.l(libinit2.o)
    0x080002b8   0x080002b8   0x00000000   Code   RO         4910    .ARM.Collect$$libinit$$00000023  c_w.l(libinit2.o)
    0x080002b8   0x080002b8   0x00000000   Code   RO         4912    .ARM.Collect$$libinit$$00000025  c_w.l(libinit2.o)
    0x080002b8   0x080002b8   0x00000000   Code   RO         4916    .ARM.Collect$$libinit$$0000002C  c_w.l(libinit2.o)
    0x080002b8   0x080002b8   0x00000000   Code   RO         4918    .ARM.Collect$$libinit$$0000002E  c_w.l(libinit2.o)
    0x080002b8   0x080002b8   0x00000000   Code   RO         4920    .ARM.Collect$$libinit$$00000030  c_w.l(libinit2.o)
    0x080002b8   0x080002b8   0x00000000   Code   RO         4922    .ARM.Collect$$libinit$$00000032  c_w.l(libinit2.o)
    0x080002b8   0x080002b8   0x00000002   Code   RO         4923    .ARM.Collect$$libinit$$00000033  c_w.l(libinit2.o)
    0x080002ba   0x080002ba   0x00000002   Code   RO         5008    .ARM.Collect$$libshutdown$$00000000  c_w.l(libshutdown.o)
    0x080002bc   0x080002bc   0x00000000   Code   RO         5029    .ARM.Collect$$libshutdown$$00000003  c_w.l(libshutdown2.o)
    0x080002bc   0x080002bc   0x00000000   Code   RO         5032    .ARM.Collect$$libshutdown$$00000006  c_w.l(libshutdown2.o)
    0x080002bc   0x080002bc   0x00000000   Code   RO         5035    .ARM.Collect$$libshutdown$$00000009  c_w.l(libshutdown2.o)
    0x080002bc   0x080002bc   0x00000000   Code   RO         5037    .ARM.Collect$$libshutdown$$0000000B  c_w.l(libshutdown2.o)
    0x080002bc   0x080002bc   0x00000000   Code   RO         5040    .ARM.Collect$$libshutdown$$0000000E  c_w.l(libshutdown2.o)
    0x080002bc   0x080002bc   0x00000002   Code   RO         5041    .ARM.Collect$$libshutdown$$0000000F  c_w.l(libshutdown2.o)
    0x080002be   0x080002be   0x00000000   Code   RO         4703    .ARM.Collect$$rtentry$$00000000  c_w.l(__rtentry.o)
    0x080002be   0x080002be   0x00000000   Code   RO         4761    .ARM.Collect$$rtentry$$00000002  c_w.l(__rtentry2.o)
    0x080002be   0x080002be   0x00000006   Code   RO         4773    .ARM.Collect$$rtentry$$00000004  c_w.l(__rtentry4.o)
    0x080002c4   0x080002c4   0x00000000   Code   RO         4763    .ARM.Collect$$rtentry$$00000009  c_w.l(__rtentry2.o)
    0x080002c4   0x080002c4   0x00000004   Code   RO         4764    .ARM.Collect$$rtentry$$0000000A  c_w.l(__rtentry2.o)
    0x080002c8   0x080002c8   0x00000000   Code   RO         4766    .ARM.Collect$$rtentry$$0000000C  c_w.l(__rtentry2.o)
    0x080002c8   0x080002c8   0x00000008   Code   RO         4767    .ARM.Collect$$rtentry$$0000000D  c_w.l(__rtentry2.o)
    0x080002d0   0x080002d0   0x00000002   Code   RO         4934    .ARM.Collect$$rtexit$$00000000  c_w.l(rtexit.o)
    0x080002d2   0x080002d2   0x00000000   Code   RO         4974    .ARM.Collect$$rtexit$$00000002  c_w.l(rtexit2.o)
    0x080002d2   0x080002d2   0x00000004   Code   RO         4975    .ARM.Collect$$rtexit$$00000003  c_w.l(rtexit2.o)
    0x080002d6   0x080002d6   0x00000006   Code   RO         4976    .ARM.Collect$$rtexit$$00000004  c_w.l(rtexit2.o)
    0x080002dc   0x080002dc   0x00000040   Code   RO            4    .text               startup_stm32g474xx.o
    0x0800031c   0x0800031c   0x000000ee   Code   RO         4617    .text               c_w.l(lludivv7m.o)
    0x0800040a   0x0800040a   0x00000002   PAD
    0x0800040c   0x0800040c   0x00000028   Code   RO         4621    .text               c_w.l(noretval__2sprintf.o)
    0x08000434   0x08000434   0x00000160   Code   RO         4640    .text               c_w.l(__printf_ss_wp.o)
    0x08000594   0x08000594   0x0000003c   Code   RO         4647    .text               c_w.l(__0sscanf.o)
    0x080005d0   0x080005d0   0x0000003e   Code   RO         4649    .text               c_w.l(strlen.o)
    0x0800060e   0x0800060e   0x0000004e   Code   RO         4651    .text               c_w.l(rt_memclr_w.o)
    0x0800065c   0x0800065c   0x00000006   Code   RO         4653    .text               c_w.l(heapauxi.o)
    0x08000662   0x08000662   0x00000016   Code   RO         4708    .text               c_w.l(_rserrno.o)
    0x08000678   0x08000678   0x0000041a   Code   RO         4710    .text               c_w.l(_printf_fp_dec.o)
    0x08000a92   0x08000a92   0x00000002   PAD
    0x08000a94   0x08000a94   0x00000030   Code   RO         4712    .text               c_w.l(_printf_char_common.o)
    0x08000ac4   0x08000ac4   0x0000000a   Code   RO         4714    .text               c_w.l(_sputc.o)
    0x08000ace   0x08000ace   0x00000002   PAD
    0x08000ad0   0x08000ad0   0x000004a4   Code   RO         4717    .text               c_w.l(scanf_fp.o)
    0x08000f74   0x08000f74   0x0000002c   Code   RO         4719    .text               c_w.l(scanf_char.o)
    0x08000fa0   0x08000fa0   0x00000040   Code   RO         4721    .text               c_w.l(_sgetc.o)
    0x08000fe0   0x08000fe0   0x00000008   Code   RO         4780    .text               c_w.l(rt_locale_intlibspace.o)
    0x08000fe8   0x08000fe8   0x00000008   Code   RO         4785    .text               c_w.l(rt_errno_addr_intlibspace.o)
    0x08000ff0   0x08000ff0   0x0000008a   Code   RO         4787    .text               c_w.l(lludiv10.o)
    0x0800107a   0x0800107a   0x00000012   Code   RO         4789    .text               c_w.l(isspace.o)
    0x0800108c   0x0800108c   0x00000080   Code   RO         4791    .text               c_w.l(_printf_fp_infnan.o)
    0x0800110c   0x0800110c   0x00000374   Code   RO         4795    .text               c_w.l(_scanf.o)
    0x08001480   0x08001480   0x000000dc   Code   RO         4797    .text               c_w.l(bigflt0.o)
    0x0800155c   0x0800155c   0x00000008   Code   RO         4854    .text               c_w.l(libspace.o)
    0x08001564   0x08001564   0x0000004a   Code   RO         4857    .text               c_w.l(sys_stackheap_outer.o)
    0x080015ae   0x080015ae   0x00000002   PAD
    0x080015b0   0x080015b0   0x00000010   Code   RO         4859    .text               c_w.l(rt_ctype_table.o)
    0x080015c0   0x080015c0   0x00000318   Code   RO         4861    .text               c_w.l(scanf_hexfp.o)
    0x080018d8   0x080018d8   0x00000134   Code   RO         4863    .text               c_w.l(scanf_infnan.o)
    0x08001a0c   0x08001a0c   0x0000000c   Code   RO         4865    .text               c_w.l(exit.o)
    0x08001a18   0x08001a18   0x00000080   Code   RO         4871    .text               c_w.l(strcmpv7m.o)
    0x08001a98   0x08001a98   0x00000026   Code   RO         4938    .text               c_w.l(llshl.o)
    0x08001abe   0x08001abe   0x0000001c   Code   RO         4940    .text               c_w.l(_chval.o)
    0x08001ada   0x08001ada   0x00000002   PAD
    0x08001adc   0x08001adc   0x0000000c   Code   RO         4971    .text               c_w.l(sys_exit.o)
    0x08001ae8   0x08001ae8   0x00000002   Code   RO         4995    .text               c_w.l(use_no_semi.o)
    0x08001aea   0x08001aea   0x00000000   Code   RO         4997    .text               c_w.l(indicate_semi.o)
    0x08001aea   0x08001aea   0x0000003e   Code   RO         4800    CL$$btod_d2e        c_w.l(btod.o)
    0x08001b28   0x08001b28   0x00000046   Code   RO         4802    CL$$btod_d2e_denorm_low  c_w.l(btod.o)
    0x08001b6e   0x08001b6e   0x00000060   Code   RO         4801    CL$$btod_d2e_norm_op1  c_w.l(btod.o)
    0x08001bce   0x08001bce   0x00000338   Code   RO         4810    CL$$btod_div_common  c_w.l(btod.o)
    0x08001f06   0x08001f06   0x00000002   PAD
    0x08001f08   0x08001f08   0x00000054   Code   RO         4808    CL$$btod_e2d        c_w.l(btod.o)
    0x08001f5c   0x08001f5c   0x000000c6   Code   RO         4807    CL$$btod_e2e        c_w.l(btod.o)
    0x08002022   0x08002022   0x00000028   Code   RO         4804    CL$$btod_ediv       c_w.l(btod.o)
    0x0800204a   0x0800204a   0x00000028   Code   RO         4806    CL$$btod_edivd      c_w.l(btod.o)
    0x08002072   0x08002072   0x00000028   Code   RO         4803    CL$$btod_emul       c_w.l(btod.o)
    0x0800209a   0x0800209a   0x00000028   Code   RO         4805    CL$$btod_emuld      c_w.l(btod.o)
    0x080020c2   0x080020c2   0x00000244   Code   RO         4809    CL$$btod_mult_common  c_w.l(btod.o)
    0x08002306   0x08002306   0x000000c2   Code   RO         4012    i.BackGround_Init   background.o
    0x080023c8   0x080023c8   0x00000002   Code   RO          394    i.BusFault_Handler  stm32g4xx_it.o
    0x080023ca   0x080023ca   0x00000010   Code   RO          518    i.DAC_DMAConvCpltCh1  stm32g4xx_hal_dac.o
    0x080023da   0x080023da   0x00000010   Code   RO          662    i.DAC_DMAConvCpltCh2  stm32g4xx_hal_dac_ex.o
    0x080023ea   0x080023ea   0x00000018   Code   RO          519    i.DAC_DMAErrorCh1   stm32g4xx_hal_dac.o
    0x08002402   0x08002402   0x00000018   Code   RO          663    i.DAC_DMAErrorCh2   stm32g4xx_hal_dac_ex.o
    0x0800241a   0x0800241a   0x0000000a   Code   RO          520    i.DAC_DMAHalfConvCpltCh1  stm32g4xx_hal_dac.o
    0x08002424   0x08002424   0x0000000a   Code   RO          664    i.DAC_DMAHalfConvCpltCh2  stm32g4xx_hal_dac_ex.o
    0x0800242e   0x0800242e   0x00000002   PAD
    0x08002430   0x08002430   0x0000000c   Code   RO          395    i.DMA1_Channel1_IRQHandler  stm32g4xx_it.o
    0x0800243c   0x0800243c   0x00000040   Code   RO         1655    i.DMA_CalcDMAMUXChannelBaseAndMask  stm32g4xx_hal_dma.o
    0x0800247c   0x0800247c   0x00000024   Code   RO         1656    i.DMA_CalcDMAMUXRequestGenBaseAndMask  stm32g4xx_hal_dma.o
    0x080024a0   0x080024a0   0x0000003e   Code   RO         1657    i.DMA_SetConfig     stm32g4xx_hal_dma.o
    0x080024de   0x080024de   0x00000002   Code   RO          396    i.DebugMon_Handler  stm32g4xx_it.o
    0x080024e0   0x080024e0   0x00000008   Code   RO          397    i.EXTI15_10_IRQHandler  stm32g4xx_it.o
    0x080024e8   0x080024e8   0x00000004   Code   RO           13    i.Error_Handler     main.o
    0x080024ec   0x080024ec   0x00000002   Code   RO          665    i.HAL_DACEx_ConvCpltCallbackCh2  stm32g4xx_hal_dac_ex.o
    0x080024ee   0x080024ee   0x00000002   Code   RO          666    i.HAL_DACEx_ConvHalfCpltCallbackCh2  stm32g4xx_hal_dac_ex.o
    0x080024f0   0x080024f0   0x00000002   Code   RO          674    i.HAL_DACEx_ErrorCallbackCh2  stm32g4xx_hal_dac_ex.o
    0x080024f2   0x080024f2   0x00000002   PAD
    0x080024f4   0x080024f4   0x000001b4   Code   RO          521    i.HAL_DAC_ConfigChannel  stm32g4xx_hal_dac.o
    0x080026a8   0x080026a8   0x00000002   Code   RO          522    i.HAL_DAC_ConvCpltCallbackCh1  stm32g4xx_hal_dac.o
    0x080026aa   0x080026aa   0x00000002   Code   RO          523    i.HAL_DAC_ConvHalfCpltCallbackCh1  stm32g4xx_hal_dac.o
    0x080026ac   0x080026ac   0x00000002   Code   RO          526    i.HAL_DAC_ErrorCallbackCh1  stm32g4xx_hal_dac.o
    0x080026ae   0x080026ae   0x00000028   Code   RO          531    i.HAL_DAC_Init      stm32g4xx_hal_dac.o
    0x080026d6   0x080026d6   0x00000002   PAD
    0x080026d8   0x080026d8   0x00000094   Code   RO          233    i.HAL_DAC_MspInit   dac.o
    0x0800276c   0x0800276c   0x0000011c   Code   RO          536    i.HAL_DAC_Start_DMA  stm32g4xx_hal_dac.o
    0x08002888   0x08002888   0x00000054   Code   RO          538    i.HAL_DAC_Stop_DMA  stm32g4xx_hal_dac.o
    0x080028dc   0x080028dc   0x0000006a   Code   RO         1658    i.HAL_DMA_Abort     stm32g4xx_hal_dma.o
    0x08002946   0x08002946   0x00000078   Code   RO         1659    i.HAL_DMA_Abort_IT  stm32g4xx_hal_dma.o
    0x080029be   0x080029be   0x000000ba   Code   RO         1663    i.HAL_DMA_IRQHandler  stm32g4xx_hal_dma.o
    0x08002a78   0x08002a78   0x000000c0   Code   RO         1664    i.HAL_DMA_Init      stm32g4xx_hal_dma.o
    0x08002b38   0x08002b38   0x0000008c   Code   RO         1668    i.HAL_DMA_Start_IT  stm32g4xx_hal_dma.o
    0x08002bc4   0x08002bc4   0x00000024   Code   RO          813    i.HAL_Delay         stm32g4xx_hal.o
    0x08002be8   0x08002be8   0x00000002   Code   RO           14    i.HAL_GPIO_EXTI_Callback  main.o
    0x08002bea   0x08002bea   0x00000002   PAD
    0x08002bec   0x08002bec   0x00000018   Code   RO         1519    i.HAL_GPIO_EXTI_IRQHandler  stm32g4xx_hal_gpio.o
    0x08002c04   0x08002c04   0x00000248   Code   RO         1520    i.HAL_GPIO_Init     stm32g4xx_hal_gpio.o
    0x08002e4c   0x08002e4c   0x0000000a   Code   RO         1522    i.HAL_GPIO_ReadPin  stm32g4xx_hal_gpio.o
    0x08002e56   0x08002e56   0x0000000a   Code   RO         1524    i.HAL_GPIO_WritePin  stm32g4xx_hal_gpio.o
    0x08002e60   0x08002e60   0x0000000c   Code   RO          817    i.HAL_GetTick       stm32g4xx_hal.o
    0x08002e6c   0x08002e6c   0x00000010   Code   RO          820    i.HAL_IncTick       stm32g4xx_hal.o
    0x08002e7c   0x08002e7c   0x0000001e   Code   RO          821    i.HAL_Init          stm32g4xx_hal.o
    0x08002e9a   0x08002e9a   0x00000002   PAD
    0x08002e9c   0x08002e9c   0x00000044   Code   RO          822    i.HAL_InitTick      stm32g4xx_hal.o
    0x08002ee0   0x08002ee0   0x00000030   Code   RO          494    i.HAL_MspInit       stm32g4xx_hal_msp.o
    0x08002f10   0x08002f10   0x0000001a   Code   RO         2167    i.HAL_NVIC_EnableIRQ  stm32g4xx_hal_cortex.o
    0x08002f2a   0x08002f2a   0x00000002   PAD
    0x08002f2c   0x08002f2c   0x00000040   Code   RO         2173    i.HAL_NVIC_SetPriority  stm32g4xx_hal_cortex.o
    0x08002f6c   0x08002f6c   0x00000024   Code   RO         2174    i.HAL_NVIC_SetPriorityGrouping  stm32g4xx_hal_cortex.o
    0x08002f90   0x08002f90   0x000000bc   Code   RO         1923    i.HAL_PWREx_ControlVoltageScaling  stm32g4xx_hal_pwr_ex.o
    0x0800304c   0x0800304c   0x00000010   Code   RO         1935    i.HAL_PWREx_DisableUCPDDeadBattery  stm32g4xx_hal_pwr_ex.o
    0x0800305c   0x0800305c   0x00000300   Code   RO         1166    i.HAL_RCCEx_PeriphCLKConfig  stm32g4xx_hal_rcc_ex.o
    0x0800335c   0x0800335c   0x000001dc   Code   RO         1041    i.HAL_RCC_ClockConfig  stm32g4xx_hal_rcc.o
    0x08003538   0x08003538   0x0000000c   Code   RO         1047    i.HAL_RCC_GetHCLKFreq  stm32g4xx_hal_rcc.o
    0x08003544   0x08003544   0x00000024   Code   RO         1049    i.HAL_RCC_GetPCLK1Freq  stm32g4xx_hal_rcc.o
    0x08003568   0x08003568   0x00000024   Code   RO         1050    i.HAL_RCC_GetPCLK2Freq  stm32g4xx_hal_rcc.o
    0x0800358c   0x0800358c   0x00000070   Code   RO         1051    i.HAL_RCC_GetSysClockFreq  stm32g4xx_hal_rcc.o
    0x080035fc   0x080035fc   0x0000040c   Code   RO         1054    i.HAL_RCC_OscConfig  stm32g4xx_hal_rcc.o
    0x08003a08   0x08003a08   0x00000018   Code   RO         2176    i.HAL_SYSTICK_CLKSourceConfig  stm32g4xx_hal_cortex.o
    0x08003a20   0x08003a20   0x00000028   Code   RO         2178    i.HAL_SYSTICK_Config  stm32g4xx_hal_cortex.o
    0x08003a48   0x08003a48   0x000000cc   Code   RO         3018    i.HAL_TIMEx_ConfigBreakDeadTime  stm32g4xx_hal_tim_ex.o
    0x08003b14   0x08003b14   0x000000b8   Code   RO         3055    i.HAL_TIMEx_MasterConfigSynchronization  stm32g4xx_hal_tim_ex.o
    0x08003bcc   0x08003bcc   0x00000062   Code   RO         2299    i.HAL_TIM_Base_Init  stm32g4xx_hal_tim.o
    0x08003c2e   0x08003c2e   0x00000002   PAD
    0x08003c30   0x08003c30   0x00000040   Code   RO          299    i.HAL_TIM_Base_MspInit  tim.o
    0x08003c70   0x08003c70   0x00000080   Code   RO         2302    i.HAL_TIM_Base_Start  stm32g4xx_hal_tim.o
    0x08003cf0   0x08003cf0   0x00000026   Code   RO         2305    i.HAL_TIM_Base_Stop  stm32g4xx_hal_tim.o
    0x08003d16   0x08003d16   0x00000002   PAD
    0x08003d18   0x08003d18   0x000000f0   Code   RO         2308    i.HAL_TIM_ConfigClockSource  stm32g4xx_hal_tim.o
    0x08003e08   0x08003e08   0x00000050   Code   RO          300    i.HAL_TIM_MspPostInit  tim.o
    0x08003e58   0x08003e58   0x00000124   Code   RO         2371    i.HAL_TIM_PWM_ConfigChannel  stm32g4xx_hal_tim.o
    0x08003f7c   0x08003f7c   0x00000062   Code   RO         2374    i.HAL_TIM_PWM_Init  stm32g4xx_hal_tim.o
    0x08003fde   0x08003fde   0x00000002   Code   RO         2376    i.HAL_TIM_PWM_MspInit  stm32g4xx_hal_tim.o
    0x08003fe0   0x08003fe0   0x00000114   Code   RO         2379    i.HAL_TIM_PWM_Start  stm32g4xx_hal_tim.o
    0x080040f4   0x080040f4   0x0000003e   Code   RO         3862    i.HAL_UARTEx_DisableFifoMode  stm32g4xx_hal_uart_ex.o
    0x08004132   0x08004132   0x00000002   Code   RO         3451    i.HAL_UARTEx_RxEventCallback  stm32g4xx_hal_uart.o
    0x08004134   0x08004134   0x00000002   Code   RO         3869    i.HAL_UARTEx_RxFifoFullCallback  stm32g4xx_hal_uart_ex.o
    0x08004136   0x08004136   0x0000004c   Code   RO         3870    i.HAL_UARTEx_SetRxFifoThreshold  stm32g4xx_hal_uart_ex.o
    0x08004182   0x08004182   0x0000004c   Code   RO         3871    i.HAL_UARTEx_SetTxFifoThreshold  stm32g4xx_hal_uart_ex.o
    0x080041ce   0x080041ce   0x00000002   Code   RO         3873    i.HAL_UARTEx_TxFifoEmptyCallback  stm32g4xx_hal_uart_ex.o
    0x080041d0   0x080041d0   0x00000002   Code   RO         3874    i.HAL_UARTEx_WakeupCallback  stm32g4xx_hal_uart_ex.o
    0x080041d2   0x080041d2   0x00000002   Code   RO         3467    i.HAL_UART_ErrorCallback  stm32g4xx_hal_uart.o
    0x080041d4   0x080041d4   0x000002e0   Code   RO         3470    i.HAL_UART_IRQHandler  stm32g4xx_hal_uart.o
    0x080044b4   0x080044b4   0x0000006a   Code   RO         3471    i.HAL_UART_Init     stm32g4xx_hal_uart.o
    0x0800451e   0x0800451e   0x00000002   PAD
    0x08004520   0x08004520   0x0000008c   Code   RO          353    i.HAL_UART_MspInit  usart.o
    0x080045ac   0x080045ac   0x00000002   Code   RO         3483    i.HAL_UART_TxCpltCallback  stm32g4xx_hal_uart.o
    0x080045ae   0x080045ae   0x00000002   Code   RO          398    i.HardFault_Handler  stm32g4xx_it.o
    0x080045b0   0x080045b0   0x00000030   Code   RO         4185    i.I2C_WriteByte     oled_i2c.o
    0x080045e0   0x080045e0   0x00000020   Code   RO         4117    i.IIC_Init          myiic.o
    0x08004600   0x08004600   0x00000078   Code   RO         4120    i.IIC_Send_Byte     myiic.o
    0x08004678   0x08004678   0x00000054   Code   RO         4121    i.IIC_Start         myiic.o
    0x080046cc   0x080046cc   0x00000058   Code   RO         4122    i.IIC_Stop          myiic.o
    0x08004724   0x08004724   0x0000006c   Code   RO         4123    i.IIC_Wait_Ack      myiic.o
    0x08004790   0x08004790   0x0000005c   Code   RO          234    i.MX_DAC1_Init      dac.o
    0x080047ec   0x080047ec   0x0000003c   Code   RO          274    i.MX_DMA_Init       dma.o
    0x08004828   0x08004828   0x000000ac   Code   RO          208    i.MX_GPIO_Init      gpio.o
    0x080048d4   0x080048d4   0x000000e0   Code   RO          301    i.MX_TIM1_Init      tim.o
    0x080049b4   0x080049b4   0x00000044   Code   RO          302    i.MX_TIM6_Init      tim.o
    0x080049f8   0x080049f8   0x00000068   Code   RO          354    i.MX_USART1_UART_Init  usart.o
    0x08004a60   0x08004a60   0x00000002   Code   RO          399    i.MemManage_Handler  stm32g4xx_it.o
    0x08004a62   0x08004a62   0x00000002   PAD
    0x08004a64   0x08004a64   0x00000030   Code   RO         4387    i.MyUSART1_CanReadLine  myusart1.o
    0x08004a94   0x08004a94   0x00000034   Code   RO         4391    i.MyUSART1_IRQHandler  myusart1.o
    0x08004ac8   0x08004ac8   0x00000014   Code   RO         4392    i.MyUSART1_Init     myusart1.o
    0x08004adc   0x08004adc   0x00000048   Code   RO         4397    i.MyUSART1_ReadLine  myusart1.o
    0x08004b24   0x08004b24   0x00000002   Code   RO          400    i.NMI_Handler       stm32g4xx_it.o
    0x08004b26   0x08004b26   0x00000006   Code   RO         4186    i.OLED_CLS          oled_i2c.o
    0x08004b2c   0x08004b2c   0x00000038   Code   RO         4189    i.OLED_Fill         oled_i2c.o
    0x08004b64   0x08004b64   0x000000c8   Code   RO         4191    i.OLED_Init         oled_i2c.o
    0x08004c2c   0x08004c2c   0x00000018   Code   RO         4193    i.OLED_ON           oled_i2c.o
    0x08004c44   0x08004c44   0x00000026   Code   RO         4197    i.OLED_SetPos       oled_i2c.o
    0x08004c6a   0x08004c6a   0x00000002   PAD
    0x08004c6c   0x08004c6c   0x00000048   Code   RO         4198    i.OLED_ShowCN       oled_i2c.o
    0x08004cb4   0x08004cb4   0x0000007c   Code   RO         4199    i.OLED_ShowChar     oled_i2c.o
    0x08004d30   0x08004d30   0x00000038   Code   RO         4200    i.OLED_ShowFloat    oled_i2c.o
    0x08004d68   0x08004d68   0x00000038   Code   RO         4201    i.OLED_ShowFloat_2f  oled_i2c.o
    0x08004da0   0x08004da0   0x00000086   Code   RO         4202    i.OLED_ShowInt      oled_i2c.o
    0x08004e26   0x08004e26   0x00000002   PAD
    0x08004e28   0x08004e28   0x000000d8   Code   RO         4205    i.OLED_ShowStr      oled_i2c.o
    0x08004f00   0x08004f00   0x00000002   Code   RO          401    i.PendSV_Handler    stm32g4xx_it.o
    0x08004f02   0x08004f02   0x00000002   Code   RO          402    i.SVC_Handler       stm32g4xx_it.o
    0x08004f04   0x08004f04   0x00000004   Code   RO          403    i.SysTick_Handler   stm32g4xx_it.o
    0x08004f08   0x08004f08   0x00000066   Code   RO           15    i.SystemClock_Config  main.o
    0x08004f6e   0x08004f6e   0x00000002   PAD
    0x08004f70   0x08004f70   0x00000010   Code   RO         3975    i.SystemInit        system_stm32g4xx.o
    0x08004f80   0x08004f80   0x0000006c   Code   RO         4360    i.TIM6_Init         time.o
    0x08004fec   0x08004fec   0x000000d4   Code   RO         2392    i.TIM_Base_SetConfig  stm32g4xx_hal_tim.o
    0x080050c0   0x080050c0   0x0000001a   Code   RO         2393    i.TIM_CCxChannelCmd  stm32g4xx_hal_tim.o
    0x080050da   0x080050da   0x00000014   Code   RO         2403    i.TIM_ETR_SetConfig  stm32g4xx_hal_tim.o
    0x080050ee   0x080050ee   0x00000002   PAD
    0x080050f0   0x080050f0   0x00000014   Code   RO         2404    i.TIM_ITRx_SetConfig  stm32g4xx_hal_tim.o
    0x08005104   0x08005104   0x000000ac   Code   RO         2405    i.TIM_OC1_SetConfig  stm32g4xx_hal_tim.o
    0x080051b0   0x080051b0   0x000000a0   Code   RO         2406    i.TIM_OC2_SetConfig  stm32g4xx_hal_tim.o
    0x08005250   0x08005250   0x000000a0   Code   RO         2407    i.TIM_OC3_SetConfig  stm32g4xx_hal_tim.o
    0x080052f0   0x080052f0   0x000000a0   Code   RO         2408    i.TIM_OC4_SetConfig  stm32g4xx_hal_tim.o
    0x08005390   0x08005390   0x00000078   Code   RO         2409    i.TIM_OC5_SetConfig  stm32g4xx_hal_tim.o
    0x08005408   0x08005408   0x0000007c   Code   RO         2410    i.TIM_OC6_SetConfig  stm32g4xx_hal_tim.o
    0x08005484   0x08005484   0x00000022   Code   RO         2412    i.TIM_TI1_ConfigInputStage  stm32g4xx_hal_tim.o
    0x080054a6   0x080054a6   0x00000024   Code   RO         2414    i.TIM_TI2_ConfigInputStage  stm32g4xx_hal_tim.o
    0x080054ca   0x080054ca   0x00000002   PAD
    0x080054cc   0x080054cc   0x00000044   Code   RO         3875    i.UARTEx_SetNbDataToProcess  stm32g4xx_hal_uart_ex.o
    0x08005510   0x08005510   0x000000c8   Code   RO         3485    i.UART_AdvFeatureConfig  stm32g4xx_hal_uart.o
    0x080055d8   0x080055d8   0x00000060   Code   RO         3486    i.UART_CheckIdleState  stm32g4xx_hal_uart.o
    0x08005638   0x08005638   0x00000014   Code   RO         3487    i.UART_DMAAbortOnError  stm32g4xx_hal_uart.o
    0x0800564c   0x0800564c   0x00000054   Code   RO         3497    i.UART_EndRxTransfer  stm32g4xx_hal_uart.o
    0x080056a0   0x080056a0   0x00000298   Code   RO         3503    i.UART_SetConfig    stm32g4xx_hal_uart.o
    0x08005938   0x08005938   0x000000c6   Code   RO         3510    i.UART_WaitOnFlagUntilTimeout  stm32g4xx_hal_uart.o
    0x080059fe   0x080059fe   0x00000002   PAD
    0x08005a00   0x08005a00   0x00000020   Code   RO          404    i.USART1_IRQHandler  stm32g4xx_it.o
    0x08005a20   0x08005a20   0x00000364   Code   RO         4540    i.USTART_Control    usart_control.o
    0x08005d84   0x08005d84   0x00000002   Code   RO          405    i.UsageFault_Handler  stm32g4xx_it.o
    0x08005d86   0x08005d86   0x00000002   PAD
    0x08005d88   0x08005d88   0x00000064   Code   RO         4570    i.WaveStart         wave.o
    0x08005dec   0x08005dec   0x00000008   Code   RO         4207    i.WriteCmd          oled_i2c.o
    0x08005df4   0x08005df4   0x00000008   Code   RO         4208    i.WriteDat          oled_i2c.o
    0x08005dfc   0x08005dfc   0x00000030   Code   RO         4842    i.__ARM_fpclassify  m_wm.l(fpclassify.o)
    0x08005e2c   0x08005e2c   0x0000002c   Code   RO         4406    i.__MyUSART1_Shift  myusart1.o
    0x08005e58   0x08005e58   0x00000020   Code   RO         2180    i.__NVIC_SetPriority  stm32g4xx_hal_cortex.o
    0x08005e78   0x08005e78   0x000000d0   Code   RO         4955    i.__hardfp_ldexp    m_wm.l(ldexp.o)
    0x08005f48   0x08005f48   0x000000c8   Code   RO         4691    i.__hardfp_sin      m_wm.l(sin.o)
    0x08006010   0x08006010   0x00000438   Code   RO         4749    i.__ieee754_rem_pio2  m_wm.l(rred.o)
    0x08006448   0x08006448   0x00000170   Code   RO         4732    i.__kernel_cos      m_wm.l(cos_i.o)
    0x080065b8   0x080065b8   0x000000f8   Code   RO         4852    i.__kernel_poly     m_wm.l(poly.o)
    0x080066b0   0x080066b0   0x00000130   Code   RO         4754    i.__kernel_sin      m_wm.l(sin_i.o)
    0x080067e0   0x080067e0   0x00000014   Code   RO         4736    i.__mathlib_dbl_infnan  m_wm.l(dunder.o)
    0x080067f4   0x080067f4   0x00000004   PAD
    0x080067f8   0x080067f8   0x00000020   Code   RO         4738    i.__mathlib_dbl_invalid  m_wm.l(dunder.o)
    0x08006818   0x08006818   0x00000020   Code   RO         4739    i.__mathlib_dbl_overflow  m_wm.l(dunder.o)
    0x08006838   0x08006838   0x00000020   Code   RO         4741    i.__mathlib_dbl_underflow  m_wm.l(dunder.o)
    0x08006858   0x08006858   0x000000b8   Code   RO         4845    i.__mathlib_narrow  m_wm.l(narrow.o)
    0x08006910   0x08006910   0x00000014   Code   RO         4957    i.__support_ldexp   m_wm.l(ldexp.o)
    0x08006924   0x08006924   0x0000000e   Code   RO         4635    i._is_digit         c_w.l(__printf_wp.o)
    0x08006932   0x08006932   0x00000046   Code   RO         4013    i.ampShow           background.o
    0x08006978   0x08006978   0x00000014   Code   RO         4064    i.delay_init        delay.o
    0x0800698c   0x0800698c   0x0000000a   Code   RO         4065    i.delay_ms          delay.o
    0x08006996   0x08006996   0x00000002   PAD
    0x08006998   0x08006998   0x00000034   Code   RO         4067    i.delay_us          delay.o
    0x080069cc   0x080069cc   0x00000018   Code   RO         4838    i.fabs              m_wm.l(fabs.o)
    0x080069e4   0x080069e4   0x00000064   Code   RO         4014    i.freShow           background.o
    0x08006a48   0x08006a48   0x0000009c   Code   RO         4015    i.fre_ampShow       background.o
    0x08006ae4   0x08006ae4   0x00000004   PAD
    0x08006ae8   0x08006ae8   0x0000008c   Code   RO         4930    i.frexp             m_wm.l(frexp.o)
    0x08006b74   0x08006b74   0x0000009c   Code   RO           16    i.main              main.o
    0x08006c10   0x08006c10   0x0000006c   Code   RO         4016    i.select            background.o
    0x08006c7c   0x08006c7c   0x00000094   Code   RO         4571    i.sin_Generation    wave.o
    0x08006d10   0x08006d10   0x00000054   Code   RO         4572    i.squ_Generation    wave.o
    0x08006d64   0x08006d64   0x00000070   Code   RO         4573    i.tri_Generation    wave.o
    0x08006dd4   0x08006dd4   0x0000002c   Code   RO         4823    locale$$code        c_w.l(lc_numeric_c.o)
    0x08006e00   0x08006e00   0x0000002c   Code   RO         4943    locale$$code        c_w.l(lc_ctype_c.o)
    0x08006e2c   0x08006e2c   0x00000018   Code   RO         4723    x$fpl$basic         fz_wm.l(basic.o)
    0x08006e44   0x08006e44   0x00000062   Code   RO         4924    x$fpl$d2f           fz_wm.l(d2f.o)
    0x08006ea6   0x08006ea6   0x00000002   PAD
    0x08006ea8   0x08006ea8   0x00000150   Code   RO         4657    x$fpl$dadd          fz_wm.l(daddsub_clz.o)
    0x08006ff8   0x08006ff8   0x00000010   Code   RO         5009    x$fpl$dcheck1       fz_wm.l(dcheck1.o)
    0x08007008   0x08007008   0x00000018   Code   RO         4725    x$fpl$dcmpinf       fz_wm.l(dcmpi.o)
    0x08007020   0x08007020   0x000002b0   Code   RO         4664    x$fpl$ddiv          fz_wm.l(ddiv.o)
    0x080072d0   0x080072d0   0x00000078   Code   RO         4926    x$fpl$deqf          fz_wm.l(deqf.o)
    0x08007348   0x08007348   0x0000005e   Code   RO         4667    x$fpl$dfix          fz_wm.l(dfix.o)
    0x080073a6   0x080073a6   0x00000002   PAD
    0x080073a8   0x080073a8   0x0000005a   Code   RO         4671    x$fpl$dfixu         fz_wm.l(dfixu.o)
    0x08007402   0x08007402   0x0000002e   Code   RO         4676    x$fpl$dflt          fz_wm.l(dflt_clz.o)
    0x08007430   0x08007430   0x00000026   Code   RO         4675    x$fpl$dfltu         fz_wm.l(dflt_clz.o)
    0x08007456   0x08007456   0x00000002   PAD
    0x08007458   0x08007458   0x00000078   Code   RO         4681    x$fpl$dleqf         fz_wm.l(dleqf.o)
    0x080074d0   0x080074d0   0x00000154   Code   RO         4683    x$fpl$dmul          fz_wm.l(dmul.o)
    0x08007624   0x08007624   0x0000009c   Code   RO         4727    x$fpl$dnaninf       fz_wm.l(dnaninf.o)
    0x080076c0   0x080076c0   0x0000000c   Code   RO         4729    x$fpl$dretinf       fz_wm.l(dretinf.o)
    0x080076cc   0x080076cc   0x0000006c   Code   RO         4685    x$fpl$drleqf        fz_wm.l(drleqf.o)
    0x08007738   0x08007738   0x00000016   Code   RO         4658    x$fpl$drsb          fz_wm.l(daddsub_clz.o)
    0x0800774e   0x0800774e   0x00000002   PAD
    0x08007750   0x08007750   0x000001d4   Code   RO         4659    x$fpl$dsub          fz_wm.l(daddsub_clz.o)
    0x08007924   0x08007924   0x0000000a   Code   RO         4951    x$fpl$fpinit        fz_wm.l(fpinit.o)
    0x0800792e   0x0800792e   0x0000000a   Code   RO         4953    x$fpl$fretinf       fz_wm.l(fretinf.o)
    0x08007938   0x08007938   0x00000004   Code   RO         4687    x$fpl$printf1       fz_wm.l(printf1.o)
    0x0800793c   0x0800793c   0x00000064   Code   RO         5042    x$fpl$retnan        fz_wm.l(retnan.o)
    0x080079a0   0x080079a0   0x0000005c   Code   RO         4988    x$fpl$scalbn        fz_wm.l(scalbn.o)
    0x080079fc   0x080079fc   0x00000004   Code   RO         4689    x$fpl$scanf1        fz_wm.l(scanf1.o)
    0x08007a00   0x08007a00   0x00000008   Code   RO         4830    x$fpl$scanf2        fz_wm.l(scanf2.o)
    0x08007a08   0x08007a08   0x00000030   Code   RO         5044    x$fpl$trapveneer    fz_wm.l(trapv.o)
    0x08007a38   0x08007a38   0x00000000   Code   RO         4731    x$fpl$usenofp       fz_wm.l(usenofp.o)
    0x08007a38   0x08007a38   0x00000018   Data   RO         3511    .constdata          stm32g4xx_hal_uart.o
    0x08007a50   0x08007a50   0x00000010   Data   RO         3876    .constdata          stm32g4xx_hal_uart_ex.o
    0x08007a60   0x08007a60   0x00000010   Data   RO         3976    .constdata          system_stm32g4xx.o
    0x08007a70   0x08007a70   0x00000008   Data   RO         3977    .constdata          system_stm32g4xx.o
    0x08007a78   0x08007a78   0x00000826   Data   RO         4210    .constdata          oled_i2c.o
    0x0800829e   0x0800829e   0x00000002   PAD
    0x080082a0   0x080082a0   0x00000030   Data   RO         4733    .constdata          m_wm.l(cos_i.o)
    0x080082d0   0x080082d0   0x000000c8   Data   RO         4751    .constdata          m_wm.l(rred.o)
    0x08008398   0x08008398   0x00000028   Data   RO         4755    .constdata          m_wm.l(sin_i.o)
    0x080083c0   0x080083c0   0x00000094   Data   RO         4798    .constdata          c_w.l(bigflt0.o)
    0x08008454   0x08008454   0x00000020   Data   RO         5046    Region$$Table       anon$$obj.o
    0x08008474   0x08008474   0x00000008   Data   RO         4825    c$$dinf             fz_wm.l(fpconst.o)
    0x0800847c   0x0800847c   0x0000001c   Data   RO         4822    locale$$data        c_w.l(lc_numeric_c.o)
    0x08008498   0x08008498   0x00000110   Data   RO         4942    locale$$data        c_w.l(lc_ctype_c.o)


    Execution Region RW_IRAM1 (Exec base: 0x20000000, Load base: 0x080085a8, Size: 0x00000d40, Max: 0x00020000, ABSOLUTE, COMPRESSED[0x000001cc])

    Exec Addr    Load Addr    Size         Type   Attr      Idx    E Section Name        Object

    0x20000000   COMPRESSED   0x0000000c   Data   RW          841    .data               stm32g4xx_hal.o
    0x2000000c   COMPRESSED   0x00000004   Data   RW         3978    .data               system_stm32g4xx.o
    0x20000010   COMPRESSED   0x00000002   Data   RW         4068    .data               delay.o
    0x20000012   COMPRESSED   0x00000223   Data   RW         4211    .data               oled_i2c.o
    0x20000235   COMPRESSED   0x00000003   PAD
    0x20000238   COMPRESSED   0x0000000c   Data   RW         4409    .data               myusart1.o
    0x20000244   COMPRESSED   0x00000004   PAD
    0x20000248   COMPRESSED   0x00000040   Data   RW         4541    .data               usart_control.o
    0x20000288        -       0x00000074   Zero   RW          235    .bss                dac.o
    0x200002fc        -       0x00000098   Zero   RW          303    .bss                tim.o
    0x20000394        -       0x00000090   Zero   RW          355    .bss                usart.o
    0x20000424        -       0x00000064   Zero   RW         4408    .bss                myusart1.o
    0x20000488        -       0x00000258   Zero   RW         4574    .bss                wave.o
    0x200006e0        -       0x00000060   Zero   RW         4855    .bss                c_w.l(libspace.o)
    0x20000740        -       0x00000200   Zero   RW            2    HEAP                startup_stm32g474xx.o
    0x20000940        -       0x00000400   Zero   RW            1    STACK               startup_stm32g474xx.o


==============================================================================

Image component sizes


      Code (inc. data)   RO Data    RW Data    ZI Data      Debug   Object Name

       628         26          0          0          0       3041   background.o
       240         28          0          0        116       1767   dac.o
        82          8          0          2          0       1731   delay.o
        60          4          0          0          0        810   dma.o
       172         12          0          0          0        975   gpio.o
       264         20          0          0          0     883558   main.o
       432         24          0          0          0       2793   myiic.o
       236         44          0         12        100       5091   myusart1.o
      1046         44       2086        547          0      10410   oled_i2c.o
        64         26        472          0       1536        844   startup_stm32g474xx.o
       162         24          0         12          0       4233   stm32g4xx_hal.o
       222         14          0          0          0      34073   stm32g4xx_hal_cortex.o
       900         34          0          0          0       7281   stm32g4xx_hal_dac.o
        56          0          0          0          0       3865   stm32g4xx_hal_dac_ex.o
       906         30          0          0          0       5934   stm32g4xx_hal_dma.o
       628         40          0          0          0       3266   stm32g4xx_hal_gpio.o
        48          6          0          0          0        862   stm32g4xx_hal_msp.o
       204         18          0          0          0       1377   stm32g4xx_hal_pwr_ex.o
      1708         98          0          0          0       6508   stm32g4xx_hal_rcc.o
       768         10          0          0          0       1880   stm32g4xx_hal_rcc_ex.o
      2416        292          0          0          0      14909   stm32g4xx_hal_tim.o
       388         46          0          0          0       2224   stm32g4xx_hal_tim_ex.o
      2110         90         24          0          0      28312   stm32g4xx_hal_uart.o
       288          6         16          0          0       5122   stm32g4xx_hal_uart_ex.o
        72         16          0          0          0       5624   stm32g4xx_it.o
        16          4         24          4          0       1127   system_stm32g4xx.o
       436         42          0          0        152       3025   tim.o
       108         12          0          0          0        612   time.o
       244         22          0          0        144       1762   usart.o
       868         80          0         64          0       1388   usart_control.o
       444         72          0          0        600       3028   wave.o

    ----------------------------------------------------------------------
     16256       1196       2656        648       2648    1047432   Object Totals
         0          0         32          0          0          0   (incl. Generated)
        40          4          2          7          0          0   (incl. Padding)

    ----------------------------------------------------------------------

      Code (inc. data)   RO Data    RW Data    ZI Data      Debug   Library Member Name

        60          8          0          0          0         84   __0sscanf.o
        90          0          0          0          0          0   __dczerorl2.o
         8          0          0          0          0         68   __main.o
       352          0          0          0          0         88   __printf_ss_wp.o
        14          0          0          0          0         68   __printf_wp.o
         0          0          0          0          0          0   __rtentry.o
        12          0          0          0          0          0   __rtentry2.o
         6          0          0          0          0          0   __rtentry4.o
        52          8          0          0          0          0   __scatter.o
        28          0          0          0          0          0   __scatter_zi.o
        28          0          0          0          0         68   _chval.o
        48          6          0          0          0         96   _printf_char_common.o
         6          0          0          0          0          0   _printf_f.o
      1050          0          0          0          0        216   _printf_fp_dec.o
       128         16          0          0          0         84   _printf_fp_infnan.o
         0          0          0          0          0          0   _printf_percent.o
         4          0          0          0          0          0   _printf_percent_end.o
        22          0          0          0          0        100   _rserrno.o
       884          6          0          0          0        100   _scanf.o
        64          0          0          0          0         84   _sgetc.o
        10          0          0          0          0         68   _sputc.o
       220          4        148          0          0         96   bigflt0.o
      2074        132          0          0          0        940   btod.o
        12          0          0          0          0         72   exit.o
         6          0          0          0          0        152   heapauxi.o
         0          0          0          0          0          0   indicate_semi.o
        18          0          0          0          0         76   isspace.o
        44         10        272          0          0         76   lc_ctype_c.o
        44         10         28          0          0         76   lc_numeric_c.o
         2          0          0          0          0          0   libinit.o
        34          0          0          0          0          0   libinit2.o
         2          0          0          0          0          0   libshutdown.o
         2          0          0          0          0          0   libshutdown2.o
         8          4          0          0         96         68   libspace.o
        38          0          0          0          0         68   llshl.o
       138          0          0          0          0         80   lludiv10.o
       238          0          0          0          0        100   lludivv7m.o
        40          6          0          0          0         84   noretval__2sprintf.o
        16          4          0          0          0         76   rt_ctype_table.o
         8          4          0          0          0         68   rt_errno_addr_intlibspace.o
         8          4          0          0          0         68   rt_locale_intlibspace.o
        78          0          0          0          0         80   rt_memclr_w.o
         2          0          0          0          0          0   rtexit.o
        10          0          0          0          0          0   rtexit2.o
        44          8          0          0          0         84   scanf_char.o
      1188         12          0          0          0        148   scanf_fp.o
       792         14          0          0          0        100   scanf_hexfp.o
       308         16          0          0          0        100   scanf_infnan.o
       128          0          0          0          0         68   strcmpv7m.o
        62          0          0          0          0         76   strlen.o
        12          4          0          0          0         68   sys_exit.o
        74          0          0          0          0         80   sys_stackheap_outer.o
         2          0          0          0          0         68   use_no_semi.o
        24          0          0          0          0        164   basic.o
        98          4          0          0          0        140   d2f.o
       826         16          0          0          0        492   daddsub_clz.o
        16          4          0          0          0        116   dcheck1.o
        24          0          0          0          0        116   dcmpi.o
       688        140          0          0          0        256   ddiv.o
       120          4          0          0          0        140   deqf.o
        94          4          0          0          0        140   dfix.o
        90          4          0          0          0        140   dfixu.o
        84          0          0          0          0        232   dflt_clz.o
       120          4          0          0          0        140   dleqf.o
       340         12          0          0          0        152   dmul.o
       156          4          0          0          0        140   dnaninf.o
        12          0          0          0          0        116   dretinf.o
       108          0          0          0          0        128   drleqf.o
         0          0          8          0          0          0   fpconst.o
        10          0          0          0          0        116   fpinit.o
        10          0          0          0          0        116   fretinf.o
         4          0          0          0          0        116   printf1.o
       100          0          0          0          0        116   retnan.o
        92          0          0          0          0        116   scalbn.o
         4          0          0          0          0        116   scanf1.o
         8          0          0          0          0        132   scanf2.o
        48          0          0          0          0        116   trapv.o
         0          0          0          0          0          0   usenofp.o
       368         46         48          0          0        200   cos_i.o
       116         24          0          0          0        496   dunder.o
        24          0          0          0          0        124   fabs.o
        48          0          0          0          0        124   fpclassify.o
       140         22          0          0          0        132   frexp.o
       228          8          0          0          0        308   ldexp.o
       184         18          0          0          0        152   narrow.o
       248          0          0          0          0        152   poly.o
      1080        142        200          0          0        188   rred.o
       200         20          0          0          0        164   sin.o
       304         24         40          0          0        208   sin_i.o

    ----------------------------------------------------------------------
     14560        778        744          0         96       9900   Library Totals
        26          2          0          0          0          0   (incl. Padding)

    ----------------------------------------------------------------------

      Code (inc. data)   RO Data    RW Data    ZI Data      Debug   Library Name

      8518        276        448          0         96       4096   c_w.l
      3076        196          8          0          0       3556   fz_wm.l
      2940        304        288          0          0       2248   m_wm.l

    ----------------------------------------------------------------------
     14560        778        744          0         96       9900   Library Totals

    ----------------------------------------------------------------------

==============================================================================


      Code (inc. data)   RO Data    RW Data    ZI Data      Debug   

     30816       1974       3400        648       2744    1036344   Grand Totals
     30816       1974       3400        460       2744    1036344   ELF Image Totals (compressed)
     30816       1974       3400        460          0          0   ROM Totals

==============================================================================

    Total RO  Size (Code + RO Data)                34216 (  33.41kB)
    Total RW  Size (RW Data + ZI Data)              3392 (   3.31kB)
    Total ROM Size (Code + RO Data + RW Data)      34676 (  33.86kB)

==============================================================================

